--------------------------------------------------------------------------------------
Timing Analyzer Summary
--------------------------------------------------------------------------------------

Type           : Worst-case tsu
Slack          : N/A
Required Time  : None
Actual Time    : 17.725 ns
From           : SW[15]
To             : wb_audioPeak_sw_LEDRmux:inst7|wb_audio_peakmeter:inst|wb_aComp_envShape:inst10|inst2[9]
From Clock     : --
To Clock       : CLOCK_50
Failed Paths   : 0

Type           : Worst-case tco
Slack          : N/A
Required Time  : None
Actual Time    : 16.912 ns
From           : StudentDesign:inst1|mul:inst1|mul_data_path:inst|lpm_dff0:inst4|lpm_ff:lpm_ff_component|dffs[29]
To             : HEX1[1]
From Clock     : CLOCK_50
To Clock       : --
Failed Paths   : 0

Type           : Worst-case tpd
Slack          : N/A
Required Time  : None
Actual Time    : 17.183 ns
From           : SW[4]
To             : HEX7[5]
From Clock     : --
To Clock       : --
Failed Paths   : 0

Type           : Worst-case th
Slack          : N/A
Required Time  : None
Actual Time    : 3.142 ns
From           : SW[5]
To             : StudentDesign:inst1|mul:inst1|mul_data_path:inst|wb_mul_shiftreg32left:inst|lpm_shiftreg1:inst1|lpm_shiftreg:lpm_shiftreg_component|dffs[0]
From Clock     : --
To Clock       : CLOCK_50
Failed Paths   : 0

Type           : Clock Setup: 'CLOCK_50'
Slack          : 19.253 ns
Required Time  : 50.00 MHz ( period = 20.000 ns )
Actual Time    : Restricted to 420.17 MHz ( period = 2.380 ns )
From           : wb_clkGenerator:inst4|inst3
To             : wb_clkGenerator:inst4|inst
From Clock     : CLOCK_50
To Clock       : CLOCK_50
Failed Paths   : 0

Type           : Clock Setup: 'wb_clkGenerator:inst4|wb_clkGeneratorPLL:inst1|altpll:altpll_component|_clk0'
Slack          : 30.896 ns
Required Time  : 11.29 MHz ( period = 88.571 ns )
Actual Time    : 37.34 MHz ( period = 26.780 ns )
From           : wb_dataCtrlMux:inst6|inst4
To             : wb_audioPeak_sw_LEDRmux:inst7|wb_audio_peakmeter:inst|wb_aComp_envShape:inst10|inst2[9]
From Clock     : wb_clkGenerator:inst4|wb_clkGeneratorPLL:inst1|altpll:altpll_component|_clk0
To Clock       : wb_clkGenerator:inst4|wb_clkGeneratorPLL:inst1|altpll:altpll_component|_clk0
Failed Paths   : 0

Type           : Clock Setup: 'altera_internal_jtag~TCKUTAP'
Slack          : N/A
Required Time  : None
Actual Time    : 118.18 MHz ( period = 8.462 ns )
From           : sld_hub:sld_hub_inst|sld_dffex:BROADCAST|Q[0]
To             : wb_NiosProcessor:inst|jtag_uart:the_jtag_uart|alt_jtag_atlantic:jtag_uart_alt_jtag_atlantic|jupdate
From Clock     : altera_internal_jtag~TCKUTAP
To Clock       : altera_internal_jtag~TCKUTAP
Failed Paths   : 0

Type           : Clock Hold: 'wb_clkGenerator:inst4|wb_clkGeneratorPLL:inst1|altpll:altpll_component|_clk0'
Slack          : -4.968 ns
Required Time  : 11.29 MHz ( period = 88.571 ns )
Actual Time    : N/A
From           : wb_dataCtrlMux:inst6|inst8
To             : StudentDesign:inst1|fact:inst5|edgeDetector:inst|inst
From Clock     : wb_clkGenerator:inst4|wb_clkGeneratorPLL:inst1|altpll:altpll_component|_clk0
To Clock       : wb_clkGenerator:inst4|wb_clkGeneratorPLL:inst1|altpll:altpll_component|_clk0
Failed Paths   : 1852

Type           : Clock Hold: 'CLOCK_50'
Slack          : 0.517 ns
Required Time  : 50.00 MHz ( period = 20.000 ns )
Actual Time    : N/A
From           : wb_clkGenerator:inst4|inst3
To             : wb_clkGenerator:inst4|inst
From Clock     : CLOCK_50
To Clock       : CLOCK_50
Failed Paths   : 0

Type           : Total number of failed paths
Slack          : 
Required Time  : 
Actual Time    : 
From           : 
To             : 
From Clock     : 
To Clock       : 
Failed Paths   : 1852

--------------------------------------------------------------------------------------

