--------------------------------------------------------------------------------------
Timing Analyzer Summary
--------------------------------------------------------------------------------------

Type           : Worst-case tsu
Slack          : N/A
Required Time  : None
Actual Time    : 18.754 ns
From           : SW[1]
To             : studentdesign:inst1|fact:inst5|wb_acomp_envshape:inst8|inst2[9]
From Clock     : --
To Clock       : CLOCK_50
Failed Paths   : 0

Type           : Worst-case tco
Slack          : N/A
Required Time  : None
Actual Time    : 12.044 ns
From           : wb_audio_advinterface:inst5|wb_audio_basicinterface:inst7|wb_audiocfg_cfgctrl:inst1|wb_audioCFG_twoWireMaster:inst8|wb_block_serDes:comp_serDes|shiftRegister[7]
To             : I2C_SDAT
From Clock     : CLOCK_50
To Clock       : --
Failed Paths   : 0

Type           : Worst-case tpd
Slack          : N/A
Required Time  : None
Actual Time    : 9.878 ns
From           : SW[14]
To             : LEDR[14]
From Clock     : --
To Clock       : --
Failed Paths   : 0

Type           : Worst-case th
Slack          : N/A
Required Time  : None
Actual Time    : 3.045 ns
From           : SW[7]
To             : wb_audio_advinterface:inst5|wb_audio_basicinterface:inst7|wb_audiostream_interface:inst2|inst30[1]
From Clock     : --
To Clock       : CLOCK_50
Failed Paths   : 0

Type           : Clock Setup: 'CLOCK_50'
Slack          : 19.254 ns
Required Time  : 50.00 MHz ( period = 20.000 ns )
Actual Time    : Restricted to 420.17 MHz ( period = 2.380 ns )
From           : wb_clkgenerator:inst4|inst3
To             : wb_clkgenerator:inst4|inst
From Clock     : CLOCK_50
To Clock       : CLOCK_50
Failed Paths   : 0

Type           : Clock Setup: 'wb_clkgenerator:inst4|wb_clkGeneratorPLL:inst1|altpll:altpll_component|_clk0'
Slack          : 41.938 ns
Required Time  : 11.29 MHz ( period = 88.571 ns )
Actual Time    : 213.04 MHz ( period = 4.694 ns )
From           : wb_audio_advinterface:inst5|wb_audio_basicinterface:inst7|wb_audiostream_interface:inst2|wb_block_oneShotDownCounter:inst10|counter[0]
To             : wb_audio_advinterface:inst5|wb_audio_basicinterface:inst7|wb_audiostream_interface:inst2|inst3
From Clock     : wb_clkgenerator:inst4|wb_clkGeneratorPLL:inst1|altpll:altpll_component|_clk0
To Clock       : wb_clkgenerator:inst4|wb_clkGeneratorPLL:inst1|altpll:altpll_component|_clk0
Failed Paths   : 0

Type           : Clock Setup: 'altera_internal_jtag~TCKUTAP'
Slack          : N/A
Required Time  : None
Actual Time    : 116.04 MHz ( period = 8.618 ns )
From           : sld_hub:auto_hub|irsr_reg[2]
To             : sld_hub:auto_hub|tdo
From Clock     : altera_internal_jtag~TCKUTAP
To Clock       : altera_internal_jtag~TCKUTAP
Failed Paths   : 0

Type           : Clock Hold: 'wb_clkgenerator:inst4|wb_clkGeneratorPLL:inst1|altpll:altpll_component|_clk0'
Slack          : -0.095 ns
Required Time  : 11.29 MHz ( period = 88.571 ns )
Actual Time    : N/A
From           : wb_audio_advinterface:inst5|wb_audio_basicinterface:inst7|wb_audiostream_interface:inst2|inst11[15]
To             : wb_audio_advinterface:inst5|wb_audio_basicinterface:inst7|wb_audiostream_interface:inst2|inst30[15]
From Clock     : wb_clkgenerator:inst4|wb_clkGeneratorPLL:inst1|altpll:altpll_component|_clk0
To Clock       : wb_clkgenerator:inst4|wb_clkGeneratorPLL:inst1|altpll:altpll_component|_clk0
Failed Paths   : 2

Type           : Clock Hold: 'CLOCK_50'
Slack          : 0.516 ns
Required Time  : 50.00 MHz ( period = 20.000 ns )
Actual Time    : N/A
From           : wb_clkgenerator:inst4|inst3
To             : wb_clkgenerator:inst4|inst
From Clock     : CLOCK_50
To Clock       : CLOCK_50
Failed Paths   : 0

Type           : Total number of failed paths
Slack          : 
Required Time  : 
Actual Time    : 
From           : 
To             : 
From Clock     : 
To Clock       : 
Failed Paths   : 2

--------------------------------------------------------------------------------------

