Simulator report for Ver2
Sun Oct 26 17:12:42 2008
Quartus II Version 8.0 Build 231 07/10/2008 Service Pack 1 SJ Full Version


---------------------
; Table of Contents ;
---------------------
  1. Legal Notice
  2. Simulator Summary
  3. Simulator Settings
  4. Simulation Waveforms
  5. Coverage Summary
  6. Complete 1/0-Value Coverage
  7. Missing 1-Value Coverage
  8. Missing 0-Value Coverage
  9. Simulator INI Usage
 10. Simulator Messages



----------------
; Legal Notice ;
----------------
Copyright (C) 1991-2008 Altera Corporation
Your use of Altera Corporation's design tools, logic functions 
and other software and tools, and its AMPP partner logic 
functions, and any output files from any of the foregoing 
(including device programming or simulation files), and any 
associated documentation or information are expressly subject 
to the terms and conditions of the Altera Program License 
Subscription Agreement, Altera MegaCore Function License 
Agreement, or other applicable license agreement, including, 
without limitation, that your use is for the sole purpose of 
programming logic devices manufactured by Altera and sold by 
Altera or its authorized distributors.  Please refer to the 
applicable agreement for further details.



+--------------------------------------------+
; Simulator Summary                          ;
+-----------------------------+--------------+
; Type                        ; Value        ;
+-----------------------------+--------------+
; Simulation Start Time       ; 0 ps         ;
; Simulation End Time         ; 1.0 us       ;
; Simulation Netlist Size     ; 78 nodes     ;
; Simulation Coverage         ;       0.00 % ;
; Total Number of Transitions ; 0            ;
; Simulation Breakpoints      ; 0            ;
; Family                      ; Cyclone II   ;
; Device                      ; EP2C35F672C6 ;
+-----------------------------+--------------+


+---------------------------------------------------------------------------------------------------------------------------------+
; Simulator Settings                                                                                                              ;
+--------------------------------------------------------------------------------------------+--------------------+---------------+
; Option                                                                                     ; Setting            ; Default Value ;
+--------------------------------------------------------------------------------------------+--------------------+---------------+
; Simulation mode                                                                            ; Timing             ; Timing        ;
; Start time                                                                                 ; 0 ns               ; 0 ns          ;
; Simulation results format                                                                  ; CVWF               ;               ;
; Vector input source                                                                        ; wb_cpu_io_test.vwf ;               ;
; Add pins automatically to simulation output waveforms                                      ; On                 ; On            ;
; Check outputs                                                                              ; Off                ; Off           ;
; Report simulation coverage                                                                 ; On                 ; On            ;
; Display complete 1/0 value coverage report                                                 ; On                 ; On            ;
; Display missing 1-value coverage report                                                    ; On                 ; On            ;
; Display missing 0-value coverage report                                                    ; On                 ; On            ;
; Detect setup and hold time violations                                                      ; Off                ; Off           ;
; Detect glitches                                                                            ; Off                ; Off           ;
; Disable timing delays in Timing Simulation                                                 ; Off                ; Off           ;
; Generate Signal Activity File                                                              ; Off                ; Off           ;
; Generate VCD File for PowerPlay Power Analyzer                                             ; Off                ; Off           ;
; Group bus channels in simulation results                                                   ; Off                ; Off           ;
; Preserve fewer signal transitions to reduce memory requirements                            ; On                 ; On            ;
; Trigger vector comparison with the specified mode                                          ; INPUT_EDGE         ; INPUT_EDGE    ;
; Disable setup and hold time violations detection in input registers of bi-directional pins ; Off                ; Off           ;
; Overwrite Waveform Inputs With Simulation Outputs                                          ; On                 ;               ;
; Perform Glitch Filtering in Timing Simulation                                              ; Auto               ; Auto          ;
+--------------------------------------------------------------------------------------------+--------------------+---------------+


+----------------------+
; Simulation Waveforms ;
+----------------------+
Waveform report data cannot be output to ASCII.
Please use Quartus II to view the waveform report data.


+--------------------------------------------------------------------+
; Coverage Summary                                                   ;
+-----------------------------------------------------+--------------+
; Type                                                ; Value        ;
+-----------------------------------------------------+--------------+
; Total coverage as a percentage                      ;       0.00 % ;
; Total nodes checked                                 ; 78           ;
; Total output ports checked                          ; 78           ;
; Total output ports with complete 1/0-value coverage ; 0            ;
; Total output ports with no 1/0-value coverage       ; 78           ;
; Total output ports with no 1-value coverage         ; 78           ;
; Total output ports with no 0-value coverage         ; 78           ;
+-----------------------------------------------------+--------------+


The following table displays output ports that toggle between 1 and 0 during simulation.
+-------------------------------------------------+
; Complete 1/0-Value Coverage                     ;
+-----------+------------------+------------------+
; Node Name ; Output Port Name ; Output Port Type ;
+-----------+------------------+------------------+


The following table displays output ports that do not toggle to 1 during simulation.
+----------------------------------------------------------------------------------------------+
; Missing 1-Value Coverage                                                                     ;
+-------------------------------------+-------------------------------------+------------------+
; Node Name                           ; Output Port Name                    ; Output Port Type ;
+-------------------------------------+-------------------------------------+------------------+
; |wb_cpu_io|io_out[0]~reg0           ; |wb_cpu_io|io_out[0]~reg0           ; regout           ;
; |wb_cpu_io|io_out[1]~reg0           ; |wb_cpu_io|io_out[1]~reg0           ; regout           ;
; |wb_cpu_io|codec_data[0]~reg0       ; |wb_cpu_io|codec_data[0]~reg0       ; regout           ;
; |wb_cpu_io|codec_data[1]~reg0       ; |wb_cpu_io|codec_data[1]~reg0       ; regout           ;
; |wb_cpu_io|codec_data[2]~reg0       ; |wb_cpu_io|codec_data[2]~reg0       ; regout           ;
; |wb_cpu_io|codec_data[3]~reg0       ; |wb_cpu_io|codec_data[3]~reg0       ; regout           ;
; |wb_cpu_io|codec_data[4]~reg0       ; |wb_cpu_io|codec_data[4]~reg0       ; regout           ;
; |wb_cpu_io|codec_data[5]~reg0       ; |wb_cpu_io|codec_data[5]~reg0       ; regout           ;
; |wb_cpu_io|codec_data[6]~reg0       ; |wb_cpu_io|codec_data[6]~reg0       ; regout           ;
; |wb_cpu_io|codec_data[7]~reg0       ; |wb_cpu_io|codec_data[7]~reg0       ; regout           ;
; |wb_cpu_io|codec_data[8]~reg0       ; |wb_cpu_io|codec_data[8]~reg0       ; regout           ;
; |wb_cpu_io|state.strobe             ; |wb_cpu_io|state.strobe             ; regout           ;
; |wb_cpu_io|state.update             ; |wb_cpu_io|state.update             ; regout           ;
; |wb_cpu_io|Mux1~295                 ; |wb_cpu_io|Mux1~295                 ; combout          ;
; |wb_cpu_io|Mux1~296                 ; |wb_cpu_io|Mux1~296                 ; combout          ;
; |wb_cpu_io|Mux1~297                 ; |wb_cpu_io|Mux1~297                 ; combout          ;
; |wb_cpu_io|io_out[0]~183            ; |wb_cpu_io|io_out[0]~183            ; combout          ;
; |wb_cpu_io|Mux0~279                 ; |wb_cpu_io|Mux0~279                 ; combout          ;
; |wb_cpu_io|io_out[1]~184            ; |wb_cpu_io|io_out[1]~184            ; combout          ;
; |wb_cpu_io|codec_data[0]~172        ; |wb_cpu_io|codec_data[0]~172        ; combout          ;
; |wb_cpu_io|codec_data[0]~173        ; |wb_cpu_io|codec_data[0]~173        ; combout          ;
; |wb_cpu_io|state.data               ; |wb_cpu_io|state.data               ; regout           ;
; |wb_cpu_io|state.waitstate          ; |wb_cpu_io|state.waitstate          ; regout           ;
; |wb_cpu_io|state.idle               ; |wb_cpu_io|state.idle               ; regout           ;
; |wb_cpu_io|state~46                 ; |wb_cpu_io|state~46                 ; combout          ;
; |wb_cpu_io|Selector0~15             ; |wb_cpu_io|Selector0~15             ; combout          ;
; |wb_cpu_io|io_out[0]                ; |wb_cpu_io|io_out[0]                ; padio            ;
; |wb_cpu_io|io_out[1]                ; |wb_cpu_io|io_out[1]                ; padio            ;
; |wb_cpu_io|io_out[2]                ; |wb_cpu_io|io_out[2]                ; padio            ;
; |wb_cpu_io|io_out[3]                ; |wb_cpu_io|io_out[3]                ; padio            ;
; |wb_cpu_io|io_out[4]                ; |wb_cpu_io|io_out[4]                ; padio            ;
; |wb_cpu_io|io_out[5]                ; |wb_cpu_io|io_out[5]                ; padio            ;
; |wb_cpu_io|io_out[6]                ; |wb_cpu_io|io_out[6]                ; padio            ;
; |wb_cpu_io|io_out[7]                ; |wb_cpu_io|io_out[7]                ; padio            ;
; |wb_cpu_io|codec_data[0]            ; |wb_cpu_io|codec_data[0]            ; padio            ;
; |wb_cpu_io|codec_data[1]            ; |wb_cpu_io|codec_data[1]            ; padio            ;
; |wb_cpu_io|codec_data[2]            ; |wb_cpu_io|codec_data[2]            ; padio            ;
; |wb_cpu_io|codec_data[3]            ; |wb_cpu_io|codec_data[3]            ; padio            ;
; |wb_cpu_io|codec_data[4]            ; |wb_cpu_io|codec_data[4]            ; padio            ;
; |wb_cpu_io|codec_data[5]            ; |wb_cpu_io|codec_data[5]            ; padio            ;
; |wb_cpu_io|codec_data[6]            ; |wb_cpu_io|codec_data[6]            ; padio            ;
; |wb_cpu_io|codec_data[7]            ; |wb_cpu_io|codec_data[7]            ; padio            ;
; |wb_cpu_io|codec_data[8]            ; |wb_cpu_io|codec_data[8]            ; padio            ;
; |wb_cpu_io|codec_addr[0]            ; |wb_cpu_io|codec_addr[0]            ; padio            ;
; |wb_cpu_io|codec_addr[1]            ; |wb_cpu_io|codec_addr[1]            ; padio            ;
; |wb_cpu_io|codec_addr[2]            ; |wb_cpu_io|codec_addr[2]            ; padio            ;
; |wb_cpu_io|codec_addr[3]            ; |wb_cpu_io|codec_addr[3]            ; padio            ;
; |wb_cpu_io|codec_latch_n            ; |wb_cpu_io|codec_latch_n            ; padio            ;
; |wb_cpu_io|codec_update_n           ; |wb_cpu_io|codec_update_n           ; padio            ;
; |wb_cpu_io|key1                     ; |wb_cpu_io|key1~corein              ; combout          ;
; |wb_cpu_io|io_port[7]               ; |wb_cpu_io|io_port[7]~corein        ; combout          ;
; |wb_cpu_io|io_port[5]               ; |wb_cpu_io|io_port[5]~corein        ; combout          ;
; |wb_cpu_io|io_port[3]               ; |wb_cpu_io|io_port[3]~corein        ; combout          ;
; |wb_cpu_io|io_port[4]               ; |wb_cpu_io|io_port[4]~corein        ; combout          ;
; |wb_cpu_io|io_port[6]               ; |wb_cpu_io|io_port[6]~corein        ; combout          ;
; |wb_cpu_io|io_port[0]               ; |wb_cpu_io|io_port[0]~corein        ; combout          ;
; |wb_cpu_io|io_port[2]               ; |wb_cpu_io|io_port[2]~corein        ; combout          ;
; |wb_cpu_io|io_port[1]               ; |wb_cpu_io|io_port[1]~corein        ; combout          ;
; |wb_cpu_io|clk                      ; |wb_cpu_io|clk~corein               ; combout          ;
; |wb_cpu_io|reset_n                  ; |wb_cpu_io|reset_n~corein           ; combout          ;
; |wb_cpu_io|key2                     ; |wb_cpu_io|key2~corein              ; combout          ;
; |wb_cpu_io|io_in[0]                 ; |wb_cpu_io|io_in[0]~corein          ; combout          ;
; |wb_cpu_io|io_in[1]                 ; |wb_cpu_io|io_in[1]~corein          ; combout          ;
; |wb_cpu_io|io_in[2]                 ; |wb_cpu_io|io_in[2]~corein          ; combout          ;
; |wb_cpu_io|io_in[3]                 ; |wb_cpu_io|io_in[3]~corein          ; combout          ;
; |wb_cpu_io|io_in[4]                 ; |wb_cpu_io|io_in[4]~corein          ; combout          ;
; |wb_cpu_io|io_in[5]                 ; |wb_cpu_io|io_in[5]~corein          ; combout          ;
; |wb_cpu_io|io_in[6]                 ; |wb_cpu_io|io_in[6]~corein          ; combout          ;
; |wb_cpu_io|io_in[7]                 ; |wb_cpu_io|io_in[7]~corein          ; combout          ;
; |wb_cpu_io|io_enable                ; |wb_cpu_io|io_enable~corein         ; combout          ;
; |wb_cpu_io|clk~clkctrl              ; |wb_cpu_io|clk~clkctrl              ; outclk           ;
; |wb_cpu_io|reset_n~clkctrl          ; |wb_cpu_io|reset_n~clkctrl          ; outclk           ;
; |wb_cpu_io|state.strobe~feeder      ; |wb_cpu_io|state.strobe~feeder      ; combout          ;
; |wb_cpu_io|state.update~feeder      ; |wb_cpu_io|state.update~feeder      ; combout          ;
; |wb_cpu_io|codec_data[8]~reg0feeder ; |wb_cpu_io|codec_data[8]~reg0feeder ; combout          ;
; |wb_cpu_io|codec_data[0]~reg0feeder ; |wb_cpu_io|codec_data[0]~reg0feeder ; combout          ;
; |wb_cpu_io|codec_data[3]~reg0feeder ; |wb_cpu_io|codec_data[3]~reg0feeder ; combout          ;
; |wb_cpu_io|codec_data[5]~reg0feeder ; |wb_cpu_io|codec_data[5]~reg0feeder ; combout          ;
+-------------------------------------+-------------------------------------+------------------+


The following table displays output ports that do not toggle to 0 during simulation.
+----------------------------------------------------------------------------------------------+
; Missing 0-Value Coverage                                                                     ;
+-------------------------------------+-------------------------------------+------------------+
; Node Name                           ; Output Port Name                    ; Output Port Type ;
+-------------------------------------+-------------------------------------+------------------+
; |wb_cpu_io|io_out[0]~reg0           ; |wb_cpu_io|io_out[0]~reg0           ; regout           ;
; |wb_cpu_io|io_out[1]~reg0           ; |wb_cpu_io|io_out[1]~reg0           ; regout           ;
; |wb_cpu_io|codec_data[0]~reg0       ; |wb_cpu_io|codec_data[0]~reg0       ; regout           ;
; |wb_cpu_io|codec_data[1]~reg0       ; |wb_cpu_io|codec_data[1]~reg0       ; regout           ;
; |wb_cpu_io|codec_data[2]~reg0       ; |wb_cpu_io|codec_data[2]~reg0       ; regout           ;
; |wb_cpu_io|codec_data[3]~reg0       ; |wb_cpu_io|codec_data[3]~reg0       ; regout           ;
; |wb_cpu_io|codec_data[4]~reg0       ; |wb_cpu_io|codec_data[4]~reg0       ; regout           ;
; |wb_cpu_io|codec_data[5]~reg0       ; |wb_cpu_io|codec_data[5]~reg0       ; regout           ;
; |wb_cpu_io|codec_data[6]~reg0       ; |wb_cpu_io|codec_data[6]~reg0       ; regout           ;
; |wb_cpu_io|codec_data[7]~reg0       ; |wb_cpu_io|codec_data[7]~reg0       ; regout           ;
; |wb_cpu_io|codec_data[8]~reg0       ; |wb_cpu_io|codec_data[8]~reg0       ; regout           ;
; |wb_cpu_io|state.strobe             ; |wb_cpu_io|state.strobe             ; regout           ;
; |wb_cpu_io|state.update             ; |wb_cpu_io|state.update             ; regout           ;
; |wb_cpu_io|Mux1~295                 ; |wb_cpu_io|Mux1~295                 ; combout          ;
; |wb_cpu_io|Mux1~296                 ; |wb_cpu_io|Mux1~296                 ; combout          ;
; |wb_cpu_io|Mux1~297                 ; |wb_cpu_io|Mux1~297                 ; combout          ;
; |wb_cpu_io|io_out[0]~183            ; |wb_cpu_io|io_out[0]~183            ; combout          ;
; |wb_cpu_io|Mux0~279                 ; |wb_cpu_io|Mux0~279                 ; combout          ;
; |wb_cpu_io|io_out[1]~184            ; |wb_cpu_io|io_out[1]~184            ; combout          ;
; |wb_cpu_io|codec_data[0]~172        ; |wb_cpu_io|codec_data[0]~172        ; combout          ;
; |wb_cpu_io|codec_data[0]~173        ; |wb_cpu_io|codec_data[0]~173        ; combout          ;
; |wb_cpu_io|state.data               ; |wb_cpu_io|state.data               ; regout           ;
; |wb_cpu_io|state.waitstate          ; |wb_cpu_io|state.waitstate          ; regout           ;
; |wb_cpu_io|state.idle               ; |wb_cpu_io|state.idle               ; regout           ;
; |wb_cpu_io|state~46                 ; |wb_cpu_io|state~46                 ; combout          ;
; |wb_cpu_io|Selector0~15             ; |wb_cpu_io|Selector0~15             ; combout          ;
; |wb_cpu_io|io_out[0]                ; |wb_cpu_io|io_out[0]                ; padio            ;
; |wb_cpu_io|io_out[1]                ; |wb_cpu_io|io_out[1]                ; padio            ;
; |wb_cpu_io|io_out[2]                ; |wb_cpu_io|io_out[2]                ; padio            ;
; |wb_cpu_io|io_out[3]                ; |wb_cpu_io|io_out[3]                ; padio            ;
; |wb_cpu_io|io_out[4]                ; |wb_cpu_io|io_out[4]                ; padio            ;
; |wb_cpu_io|io_out[5]                ; |wb_cpu_io|io_out[5]                ; padio            ;
; |wb_cpu_io|io_out[6]                ; |wb_cpu_io|io_out[6]                ; padio            ;
; |wb_cpu_io|io_out[7]                ; |wb_cpu_io|io_out[7]                ; padio            ;
; |wb_cpu_io|codec_data[0]            ; |wb_cpu_io|codec_data[0]            ; padio            ;
; |wb_cpu_io|codec_data[1]            ; |wb_cpu_io|codec_data[1]            ; padio            ;
; |wb_cpu_io|codec_data[2]            ; |wb_cpu_io|codec_data[2]            ; padio            ;
; |wb_cpu_io|codec_data[3]            ; |wb_cpu_io|codec_data[3]            ; padio            ;
; |wb_cpu_io|codec_data[4]            ; |wb_cpu_io|codec_data[4]            ; padio            ;
; |wb_cpu_io|codec_data[5]            ; |wb_cpu_io|codec_data[5]            ; padio            ;
; |wb_cpu_io|codec_data[6]            ; |wb_cpu_io|codec_data[6]            ; padio            ;
; |wb_cpu_io|codec_data[7]            ; |wb_cpu_io|codec_data[7]            ; padio            ;
; |wb_cpu_io|codec_data[8]            ; |wb_cpu_io|codec_data[8]            ; padio            ;
; |wb_cpu_io|codec_addr[0]            ; |wb_cpu_io|codec_addr[0]            ; padio            ;
; |wb_cpu_io|codec_addr[1]            ; |wb_cpu_io|codec_addr[1]            ; padio            ;
; |wb_cpu_io|codec_addr[2]            ; |wb_cpu_io|codec_addr[2]            ; padio            ;
; |wb_cpu_io|codec_addr[3]            ; |wb_cpu_io|codec_addr[3]            ; padio            ;
; |wb_cpu_io|codec_latch_n            ; |wb_cpu_io|codec_latch_n            ; padio            ;
; |wb_cpu_io|codec_update_n           ; |wb_cpu_io|codec_update_n           ; padio            ;
; |wb_cpu_io|key1                     ; |wb_cpu_io|key1~corein              ; combout          ;
; |wb_cpu_io|io_port[7]               ; |wb_cpu_io|io_port[7]~corein        ; combout          ;
; |wb_cpu_io|io_port[5]               ; |wb_cpu_io|io_port[5]~corein        ; combout          ;
; |wb_cpu_io|io_port[3]               ; |wb_cpu_io|io_port[3]~corein        ; combout          ;
; |wb_cpu_io|io_port[4]               ; |wb_cpu_io|io_port[4]~corein        ; combout          ;
; |wb_cpu_io|io_port[6]               ; |wb_cpu_io|io_port[6]~corein        ; combout          ;
; |wb_cpu_io|io_port[0]               ; |wb_cpu_io|io_port[0]~corein        ; combout          ;
; |wb_cpu_io|io_port[2]               ; |wb_cpu_io|io_port[2]~corein        ; combout          ;
; |wb_cpu_io|io_port[1]               ; |wb_cpu_io|io_port[1]~corein        ; combout          ;
; |wb_cpu_io|clk                      ; |wb_cpu_io|clk~corein               ; combout          ;
; |wb_cpu_io|reset_n                  ; |wb_cpu_io|reset_n~corein           ; combout          ;
; |wb_cpu_io|key2                     ; |wb_cpu_io|key2~corein              ; combout          ;
; |wb_cpu_io|io_in[0]                 ; |wb_cpu_io|io_in[0]~corein          ; combout          ;
; |wb_cpu_io|io_in[1]                 ; |wb_cpu_io|io_in[1]~corein          ; combout          ;
; |wb_cpu_io|io_in[2]                 ; |wb_cpu_io|io_in[2]~corein          ; combout          ;
; |wb_cpu_io|io_in[3]                 ; |wb_cpu_io|io_in[3]~corein          ; combout          ;
; |wb_cpu_io|io_in[4]                 ; |wb_cpu_io|io_in[4]~corein          ; combout          ;
; |wb_cpu_io|io_in[5]                 ; |wb_cpu_io|io_in[5]~corein          ; combout          ;
; |wb_cpu_io|io_in[6]                 ; |wb_cpu_io|io_in[6]~corein          ; combout          ;
; |wb_cpu_io|io_in[7]                 ; |wb_cpu_io|io_in[7]~corein          ; combout          ;
; |wb_cpu_io|io_enable                ; |wb_cpu_io|io_enable~corein         ; combout          ;
; |wb_cpu_io|clk~clkctrl              ; |wb_cpu_io|clk~clkctrl              ; outclk           ;
; |wb_cpu_io|reset_n~clkctrl          ; |wb_cpu_io|reset_n~clkctrl          ; outclk           ;
; |wb_cpu_io|state.strobe~feeder      ; |wb_cpu_io|state.strobe~feeder      ; combout          ;
; |wb_cpu_io|state.update~feeder      ; |wb_cpu_io|state.update~feeder      ; combout          ;
; |wb_cpu_io|codec_data[8]~reg0feeder ; |wb_cpu_io|codec_data[8]~reg0feeder ; combout          ;
; |wb_cpu_io|codec_data[0]~reg0feeder ; |wb_cpu_io|codec_data[0]~reg0feeder ; combout          ;
; |wb_cpu_io|codec_data[3]~reg0feeder ; |wb_cpu_io|codec_data[3]~reg0feeder ; combout          ;
; |wb_cpu_io|codec_data[5]~reg0feeder ; |wb_cpu_io|codec_data[5]~reg0feeder ; combout          ;
+-------------------------------------+-------------------------------------+------------------+


+---------------------+
; Simulator INI Usage ;
+--------+------------+
; Option ; Usage      ;
+--------+------------+


+--------------------+
; Simulator Messages ;
+--------------------+
Info: *******************************************************************
Info: Running Quartus II Simulator
    Info: Version 8.0 Build 231 07/10/2008 Service Pack 1 SJ Full Version
    Info: Processing started: Sun Oct 26 17:12:41 2008
Info: Command: quartus_sim --read_settings_files=on --write_settings_files=off Lab5 -c Ver2
Info: Using vector source file "C:/Lab5/wb_cpu_io_test.vwf"
Info: Overwriting simulation input file with simulation results
    Info: A backup of wb_cpu_io_test.vwf called Ver2.sim_ori.vwf has been created in the db folder
Warning: Ignored node in vector source file. Can't find corresponding node name "PS2_CLK~result" in design.
Warning: Ignored node in vector source file. Can't find corresponding node name "PS2_DAT~result" in design.
Warning: Ignored node in vector source file. Can't find corresponding node name "LCD_DATA[7]~result" in design.
Warning: Ignored node in vector source file. Can't find corresponding node name "LCD_DATA[6]~result" in design.
Warning: Ignored node in vector source file. Can't find corresponding node name "LCD_DATA[5]~result" in design.
Warning: Ignored node in vector source file. Can't find corresponding node name "LCD_DATA[4]~result" in design.
Warning: Ignored node in vector source file. Can't find corresponding node name "LCD_DATA[3]~result" in design.
Warning: Ignored node in vector source file. Can't find corresponding node name "LCD_DATA[2]~result" in design.
Warning: Ignored node in vector source file. Can't find corresponding node name "LCD_DATA[1]~result" in design.
Warning: Ignored node in vector source file. Can't find corresponding node name "LCD_DATA[0]~result" in design.
Warning: Ignored node in vector source file. Can't find corresponding node name "I2C_SDAT~result" in design.
Warning: Compiler packed, optimized or synthesized away node "LCD_BLON". Ignored vector source file node.
Warning: Compiler packed, optimized or synthesized away node "LCD_EN". Ignored vector source file node.
Warning: Compiler packed, optimized or synthesized away node "LCD_ON". Ignored vector source file node.
Warning: Compiler packed, optimized or synthesized away node "LCD_RS". Ignored vector source file node.
Warning: Compiler packed, optimized or synthesized away node "LCD_RW". Ignored vector source file node.
Warning: Compiler packed, optimized or synthesized away node "I2C_SCLK". Ignored vector source file node.
Warning: Compiler packed, optimized or synthesized away node "AUD_XCK". Ignored vector source file node.
Warning: Compiler packed, optimized or synthesized away node "AUD_ADCLRCK". Ignored vector source file node.
Warning: Compiler packed, optimized or synthesized away node "AUD_DACLRCK". Ignored vector source file node.
Warning: Compiler packed, optimized or synthesized away node "AUD_DACDAT". Ignored vector source file node.
Warning: Compiler packed, optimized or synthesized away node "AUD_BCLK". Ignored vector source file node.
Warning: Ignored node in vector source file. Can't find corresponding node name "busy" in design.
Warning: Compiler packed, optimized or synthesized away node "HEX0[6]". Ignored vector source file node.
Warning: Compiler packed, optimized or synthesized away node "HEX0[5]". Ignored vector source file node.
Warning: Compiler packed, optimized or synthesized away node "HEX0[4]". Ignored vector source file node.
Warning: Compiler packed, optimized or synthesized away node "HEX0[3]". Ignored vector source file node.
Warning: Compiler packed, optimized or synthesized away node "HEX0[2]". Ignored vector source file node.
Warning: Compiler packed, optimized or synthesized away node "HEX0[1]". Ignored vector source file node.
Warning: Compiler packed, optimized or synthesized away node "HEX0[0]". Ignored vector source file node.
Warning: Compiler packed, optimized or synthesized away node "HEX1[6]". Ignored vector source file node.
Warning: Compiler packed, optimized or synthesized away node "HEX1[5]". Ignored vector source file node.
Warning: Compiler packed, optimized or synthesized away node "HEX1[4]". Ignored vector source file node.
Warning: Compiler packed, optimized or synthesized away node "HEX1[3]". Ignored vector source file node.
Warning: Compiler packed, optimized or synthesized away node "HEX1[2]". Ignored vector source file node.
Warning: Compiler packed, optimized or synthesized away node "HEX1[1]". Ignored vector source file node.
Warning: Compiler packed, optimized or synthesized away node "HEX1[0]". Ignored vector source file node.
Warning: Compiler packed, optimized or synthesized away node "HEX2[6]". Ignored vector source file node.
Warning: Compiler packed, optimized or synthesized away node "HEX2[5]". Ignored vector source file node.
Warning: Compiler packed, optimized or synthesized away node "HEX2[4]". Ignored vector source file node.
Warning: Compiler packed, optimized or synthesized away node "HEX2[3]". Ignored vector source file node.
Warning: Compiler packed, optimized or synthesized away node "HEX2[2]". Ignored vector source file node.
Warning: Compiler packed, optimized or synthesized away node "HEX2[1]". Ignored vector source file node.
Warning: Compiler packed, optimized or synthesized away node "HEX2[0]". Ignored vector source file node.
Warning: Compiler packed, optimized or synthesized away node "HEX3[6]". Ignored vector source file node.
Warning: Compiler packed, optimized or synthesized away node "HEX3[5]". Ignored vector source file node.
Warning: Compiler packed, optimized or synthesized away node "HEX3[4]". Ignored vector source file node.
Warning: Compiler packed, optimized or synthesized away node "HEX3[3]". Ignored vector source file node.
Warning: Compiler packed, optimized or synthesized away node "HEX3[2]". Ignored vector source file node.
Warning: Compiler packed, optimized or synthesized away node "HEX3[1]". Ignored vector source file node.
Warning: Compiler packed, optimized or synthesized away node "HEX3[0]". Ignored vector source file node.
Warning: Compiler packed, optimized or synthesized away node "HEX4[6]". Ignored vector source file node.
Warning: Compiler packed, optimized or synthesized away node "HEX4[5]". Ignored vector source file node.
Warning: Compiler packed, optimized or synthesized away node "HEX4[4]". Ignored vector source file node.
Warning: Compiler packed, optimized or synthesized away node "HEX4[3]". Ignored vector source file node.
Warning: Compiler packed, optimized or synthesized away node "HEX4[2]". Ignored vector source file node.
Warning: Compiler packed, optimized or synthesized away node "HEX4[1]". Ignored vector source file node.
Warning: Compiler packed, optimized or synthesized away node "HEX4[0]". Ignored vector source file node.
Warning: Compiler packed, optimized or synthesized away node "HEX5[6]". Ignored vector source file node.
Warning: Compiler packed, optimized or synthesized away node "HEX5[5]". Ignored vector source file node.
Warning: Compiler packed, optimized or synthesized away node "HEX5[4]". Ignored vector source file node.
Warning: Compiler packed, optimized or synthesized away node "HEX5[3]". Ignored vector source file node.
Warning: Compiler packed, optimized or synthesized away node "HEX5[2]". Ignored vector source file node.
Warning: Compiler packed, optimized or synthesized away node "HEX5[1]". Ignored vector source file node.
Warning: Compiler packed, optimized or synthesized away node "HEX5[0]". Ignored vector source file node.
Warning: Compiler packed, optimized or synthesized away node "HEX6[6]". Ignored vector source file node.
Warning: Compiler packed, optimized or synthesized away node "HEX6[5]". Ignored vector source file node.
Warning: Compiler packed, optimized or synthesized away node "HEX6[4]". Ignored vector source file node.
Warning: Compiler packed, optimized or synthesized away node "HEX6[3]". Ignored vector source file node.
Warning: Compiler packed, optimized or synthesized away node "HEX6[2]". Ignored vector source file node.
Warning: Compiler packed, optimized or synthesized away node "HEX6[1]". Ignored vector source file node.
Warning: Compiler packed, optimized or synthesized away node "HEX6[0]". Ignored vector source file node.
Warning: Compiler packed, optimized or synthesized away node "HEX7[6]". Ignored vector source file node.
Warning: Compiler packed, optimized or synthesized away node "HEX7[5]". Ignored vector source file node.
Warning: Compiler packed, optimized or synthesized away node "HEX7[4]". Ignored vector source file node.
Warning: Compiler packed, optimized or synthesized away node "HEX7[3]". Ignored vector source file node.
Warning: Compiler packed, optimized or synthesized away node "HEX7[2]". Ignored vector source file node.
Warning: Compiler packed, optimized or synthesized away node "HEX7[1]". Ignored vector source file node.
Warning: Compiler packed, optimized or synthesized away node "HEX7[0]". Ignored vector source file node.
Warning: Compiler packed, optimized or synthesized away node "LEDG[8]". Ignored vector source file node.
Warning: Compiler packed, optimized or synthesized away node "LEDG[7]". Ignored vector source file node.
Warning: Compiler packed, optimized or synthesized away node "LEDG[6]". Ignored vector source file node.
Warning: Compiler packed, optimized or synthesized away node "LEDG[5]". Ignored vector source file node.
Warning: Compiler packed, optimized or synthesized away node "LEDG[4]". Ignored vector source file node.
Warning: Compiler packed, optimized or synthesized away node "LEDG[3]". Ignored vector source file node.
Warning: Compiler packed, optimized or synthesized away node "LEDG[2]". Ignored vector source file node.
Warning: Compiler packed, optimized or synthesized away node "LEDG[1]". Ignored vector source file node.
Warning: Compiler packed, optimized or synthesized away node "LEDG[0]". Ignored vector source file node.
Warning: Compiler packed, optimized or synthesized away node "LEDR[7]". Ignored vector source file node.
Warning: Compiler packed, optimized or synthesized away node "LEDR[6]". Ignored vector source file node.
Warning: Compiler packed, optimized or synthesized away node "LEDR[5]". Ignored vector source file node.
Warning: Compiler packed, optimized or synthesized away node "LEDR[4]". Ignored vector source file node.
Warning: Compiler packed, optimized or synthesized away node "LEDR[3]". Ignored vector source file node.
Warning: Compiler packed, optimized or synthesized away node "LEDR[2]". Ignored vector source file node.
Warning: Compiler packed, optimized or synthesized away node "LEDR[1]". Ignored vector source file node.
Warning: Compiler packed, optimized or synthesized away node "LEDR[0]". Ignored vector source file node.
Warning: Compiler packed, optimized or synthesized away node "LEDR[15]". Ignored vector source file node.
Warning: Compiler packed, optimized or synthesized away node "LEDR[14]". Ignored vector source file node.
Warning: Compiler packed, optimized or synthesized away node "LEDR[13]". Ignored vector source file node.
Warning: Compiler packed, optimized or synthesized away node "LEDR[12]". Ignored vector source file node.
Warning: Compiler packed, optimized or synthesized away node "LEDR[11]". Ignored vector source file node.
Warning: Compiler packed, optimized or synthesized away node "LEDR[10]". Ignored vector source file node.
Warning: Compiler packed, optimized or synthesized away node "LEDR[9]". Ignored vector source file node.
Warning: Compiler packed, optimized or synthesized away node "LEDR[8]". Ignored vector source file node.
Warning: Compiler packed, optimized or synthesized away node "LEDR[17]". Ignored vector source file node.
Warning: Ignored node in vector source file. Can't find corresponding node name "altera_reserved_tdo" in design.
Warning: Can't find signal in vector source file for input pin "|wb_cpu_io|key1"
Warning: Can't find signal in vector source file for input pin "|wb_cpu_io|io_port[7]"
Warning: Can't find signal in vector source file for input pin "|wb_cpu_io|io_port[5]"
Warning: Can't find signal in vector source file for input pin "|wb_cpu_io|io_port[3]"
Warning: Can't find signal in vector source file for input pin "|wb_cpu_io|io_port[4]"
Warning: Can't find signal in vector source file for input pin "|wb_cpu_io|io_port[6]"
Warning: Can't find signal in vector source file for input pin "|wb_cpu_io|io_port[0]"
Warning: Can't find signal in vector source file for input pin "|wb_cpu_io|io_port[2]"
Warning: Can't find signal in vector source file for input pin "|wb_cpu_io|io_port[1]"
Warning: Can't find signal in vector source file for input pin "|wb_cpu_io|clk"
Warning: Can't find signal in vector source file for input pin "|wb_cpu_io|reset_n"
Warning: Can't find signal in vector source file for input pin "|wb_cpu_io|key2"
Warning: Can't find signal in vector source file for input pin "|wb_cpu_io|io_in[0]"
Warning: Can't find signal in vector source file for input pin "|wb_cpu_io|io_in[1]"
Warning: Can't find signal in vector source file for input pin "|wb_cpu_io|io_in[2]"
Warning: Can't find signal in vector source file for input pin "|wb_cpu_io|io_in[3]"
Warning: Can't find signal in vector source file for input pin "|wb_cpu_io|io_in[4]"
Warning: Can't find signal in vector source file for input pin "|wb_cpu_io|io_in[5]"
Warning: Can't find signal in vector source file for input pin "|wb_cpu_io|io_in[6]"
Warning: Can't find signal in vector source file for input pin "|wb_cpu_io|io_in[7]"
Warning: Can't find signal in vector source file for input pin "|wb_cpu_io|io_enable"
Info: Option to preserve fewer signal transitions to reduce memory requirements is enabled
    Info: Simulation has been partitioned into sub-simulations according to the maximum transition count determined by the engine. Transitions from memory will be flushed out to disk at the end of each sub-simulation to reduce memory requirements.
Info: Simulation partitioned into 1 sub-simulations
Info: Simulation coverage is       0.00 %
Info: Number of transitions in simulation is 0
Info: Vector file wb_cpu_io_test.vwf is saved in VWF text format. You can compress it into CVWF format in order to reduce file size. For more details please refer to the Quartus II Help.
Info: Quartus II Simulator was successful. 0 errors, 127 warnings
    Info: Peak virtual memory: 112 megabytes
    Info: Processing ended: Sun Oct 26 17:12:42 2008
    Info: Elapsed time: 00:00:01
    Info: Total CPU time (on all processors): 00:00:01


