MIF/HEX Update report for Ver2
Sat Oct 25 22:03:48 2008
Quartus II Version 8.0 Build 231 07/10/2008 Service Pack 1 SJ Full Version


---------------------
; Table of Contents ;
---------------------
  1. Legal Notice
  2. MIF/HEX Update Summary
  3. MIF/HEX Update Processed Files
  4. MIF/HEX Update Messages



----------------
; Legal Notice ;
----------------
Copyright (C) 1991-2008 Altera Corporation
Your use of Altera Corporation's design tools, logic functions 
and other software and tools, and its AMPP partner logic 
functions, and any output files from any of the foregoing 
(including device programming or simulation files), and any 
associated documentation or information are expressly subject 
to the terms and conditions of the Altera Program License 
Subscription Agreement, Altera MegaCore Function License 
Agreement, or other applicable license agreement, including, 
without limitation, that your use is for the sole purpose of 
programming logic devices manufactured by Altera and sold by 
Altera or its authorized distributors.  Please refer to the 
applicable agreement for further details.



+---------------------------------------------------------------+
; MIF/HEX Update Summary                                        ;
+-----------------------+---------------------------------------+
; MIF/HEX Update Status ; Successful - Sat Oct 25 22:03:48 2008 ;
; Revision Name         ; Ver2                                  ;
; Top-level Entity Name ; Lab4                                  ;
; Family                ; Cyclone II                            ;
; Device                ; EP2C35F672C6                          ;
+-----------------------+---------------------------------------+


+-----------------------------------------+
; MIF/HEX Update Processed Files          ;
+-----------------------------------------+
; File Name                               ;
+-----------------------------------------+
; C:/Lab5/cpu_ic_tag_ram.mif              ;
; C:/Lab5/cpu_ociram_default_contents.mif ;
; C:/Lab5/cpu_rf_ram_a.mif                ;
; C:/Lab5/cpu_rf_ram_b.mif                ;
; C:/Lab5/db/Lab40.rtl.mif                ;
; C:/Lab5/onchip_mem.hex                  ;
+-----------------------------------------+


+-------------------------+
; MIF/HEX Update Messages ;
+-------------------------+
Info: *******************************************************************
Info: Running Quartus II MIF/HEX Update
    Info: Version 8.0 Build 231 07/10/2008 Service Pack 1 SJ Full Version
    Info: Processing started: Sat Oct 25 22:03:45 2008
Info: Command: quartus_cdb Lab4 -c Ver2 --update_mif
Warning: Width of data items in "onchip_mem.hex" is greater than the memory width. Wrapping data items to subsequent addresses. Found 1280 warnings, reporting 10
    Warning: Data at line (2) of memory initialization file "onchip_mem.hex" is too wide to fit in one memory word. Wrapping data to subsequent addresses.
    Warning: Data at line (3) of memory initialization file "onchip_mem.hex" is too wide to fit in one memory word. Wrapping data to subsequent addresses.
    Warning: Data at line (4) of memory initialization file "onchip_mem.hex" is too wide to fit in one memory word. Wrapping data to subsequent addresses.
    Warning: Data at line (5) of memory initialization file "onchip_mem.hex" is too wide to fit in one memory word. Wrapping data to subsequent addresses.
    Warning: Data at line (6) of memory initialization file "onchip_mem.hex" is too wide to fit in one memory word. Wrapping data to subsequent addresses.
    Warning: Data at line (7) of memory initialization file "onchip_mem.hex" is too wide to fit in one memory word. Wrapping data to subsequent addresses.
    Warning: Data at line (8) of memory initialization file "onchip_mem.hex" is too wide to fit in one memory word. Wrapping data to subsequent addresses.
    Warning: Data at line (9) of memory initialization file "onchip_mem.hex" is too wide to fit in one memory word. Wrapping data to subsequent addresses.
    Warning: Data at line (10) of memory initialization file "onchip_mem.hex" is too wide to fit in one memory word. Wrapping data to subsequent addresses.
    Warning: Data at line (11) of memory initialization file "onchip_mem.hex" is too wide to fit in one memory word. Wrapping data to subsequent addresses.
Info: Processed the following Memory Initialization File(s)
    Info: Processed Memory Initialization File C:/Lab5/cpu_ic_tag_ram.mif
    Info: Processed Memory Initialization File C:/Lab5/cpu_ociram_default_contents.mif
    Info: Processed Memory Initialization File C:/Lab5/cpu_rf_ram_a.mif
    Info: Processed Memory Initialization File C:/Lab5/cpu_rf_ram_b.mif
    Info: Processed Memory Initialization File C:/Lab5/db/Lab40.rtl.mif
    Info: Processed Memory Initialization File C:/Lab5/onchip_mem.hex
Info: Quartus II MIF/HEX Update was successful. 0 errors, 11 warnings
    Info: Peak virtual memory: 169 megabytes
    Info: Processing ended: Sat Oct 25 22:03:48 2008
    Info: Elapsed time: 00:00:03
    Info: Total CPU time (on all processors): 00:00:02


