TimeQuest Timing Analyzer report for Ver2
Tue Jan 23 14:51:30 2018
Quartus Prime Version 17.1.1 Internal Build 593 12/11/2017 SJ Lite Edition


---------------------
; Table of Contents ;
---------------------
  1. Legal Notice
  2. TimeQuest Timing Analyzer Summary
  3. Parallel Compilation
  4. SDC File List
  5. Clocks
  6. Slow 1200mV 85C Model Fmax Summary
  7. Timing Closure Recommendations
  8. Slow 1200mV 85C Model Setup Summary
  9. Slow 1200mV 85C Model Hold Summary
 10. Slow 1200mV 85C Model Recovery Summary
 11. Slow 1200mV 85C Model Removal Summary
 12. Slow 1200mV 85C Model Minimum Pulse Width Summary
 13. Slow 1200mV 85C Model Metastability Summary
 14. Slow 1200mV 0C Model Fmax Summary
 15. Slow 1200mV 0C Model Setup Summary
 16. Slow 1200mV 0C Model Hold Summary
 17. Slow 1200mV 0C Model Recovery Summary
 18. Slow 1200mV 0C Model Removal Summary
 19. Slow 1200mV 0C Model Minimum Pulse Width Summary
 20. Slow 1200mV 0C Model Metastability Summary
 21. Fast 1200mV 0C Model Setup Summary
 22. Fast 1200mV 0C Model Hold Summary
 23. Fast 1200mV 0C Model Recovery Summary
 24. Fast 1200mV 0C Model Removal Summary
 25. Fast 1200mV 0C Model Minimum Pulse Width Summary
 26. Fast 1200mV 0C Model Metastability Summary
 27. Multicorner Timing Analysis Summary
 28. Board Trace Model Assignments
 29. Input Transition Times
 30. Signal Integrity Metrics (Slow 1200mv 0c Model)
 31. Signal Integrity Metrics (Slow 1200mv 85c Model)
 32. Signal Integrity Metrics (Fast 1200mv 0c Model)
 33. Clock Transfers
 34. Report TCCS
 35. Report RSKM
 36. Unconstrained Paths Summary
 37. Unconstrained Input Ports
 38. Unconstrained Output Ports
 39. Unconstrained Input Ports
 40. Unconstrained Output Ports
 41. TimeQuest Timing Analyzer Messages



----------------
; Legal Notice ;
----------------
Copyright (C) 2017  Intel Corporation. All rights reserved.
Your use of Intel Corporation's design tools, logic functions 
and other software and tools, and its AMPP partner logic 
functions, and any output files from any of the foregoing 
(including device programming or simulation files), and any 
associated documentation or information are expressly subject 
to the terms and conditions of the Intel Program License 
Subscription Agreement, the Intel Quartus Prime License Agreement,
the Intel FPGA IP License Agreement, or other applicable license
agreement, including, without limitation, that your use is for
the sole purpose of programming logic devices manufactured by
Intel and sold by Intel or its authorized distributors.  Please
refer to the applicable agreement for further details.



+--------------------------------------------------------------------------------------+
; TimeQuest Timing Analyzer Summary                                                    ;
+-----------------------+--------------------------------------------------------------+
; Quartus Prime Version ; Version 17.1.1 Internal Build 593 12/11/2017 SJ Lite Edition ;
; Timing Analyzer       ; TimeQuest                                                    ;
; Revision Name         ; Ver2                                                         ;
; Device Family         ; Cyclone IV E                                                 ;
; Device Name           ; EP4CE115F29C7                                                ;
; Timing Models         ; Final                                                        ;
; Delay Model           ; Combined                                                     ;
; Rise/Fall Delays      ; Enabled                                                      ;
+-----------------------+--------------------------------------------------------------+


+------------------------------------------+
; Parallel Compilation                     ;
+----------------------------+-------------+
; Processors                 ; Number      ;
+----------------------------+-------------+
; Number detected on machine ; 8           ;
; Maximum allowed            ; 4           ;
;                            ;             ;
; Average used               ; 1.00        ;
; Maximum used               ; 4           ;
;                            ;             ;
; Usage by Processor         ; % Time Used ;
;     Processor 1            ; 100.0%      ;
;     Processors 2-4         ;   0.1%      ;
+----------------------------+-------------+


+---------------------------------------------------+
; SDC File List                                     ;
+---------------+--------+--------------------------+
; SDC File Path ; Status ; Read at                  ;
+---------------+--------+--------------------------+
; cpu.sdc       ; OK     ; Tue Jan 23 14:51:29 2018 ;
+---------------+--------+--------------------------+


----------
; Clocks ;
----------
No clocks to report.


--------------------------------------
; Slow 1200mV 85C Model Fmax Summary ;
--------------------------------------
No paths to report.


----------------------------------
; Timing Closure Recommendations ;
----------------------------------
HTML report is unavailable in plain text report export.


---------------------------------------
; Slow 1200mV 85C Model Setup Summary ;
---------------------------------------
No paths to report.


--------------------------------------
; Slow 1200mV 85C Model Hold Summary ;
--------------------------------------
No paths to report.


------------------------------------------
; Slow 1200mV 85C Model Recovery Summary ;
------------------------------------------
No paths to report.


-----------------------------------------
; Slow 1200mV 85C Model Removal Summary ;
-----------------------------------------
No paths to report.


-----------------------------------------------------
; Slow 1200mV 85C Model Minimum Pulse Width Summary ;
-----------------------------------------------------
No paths to report.


-----------------------------------------------
; Slow 1200mV 85C Model Metastability Summary ;
-----------------------------------------------
No synchronizer chains to report.


-------------------------------------
; Slow 1200mV 0C Model Fmax Summary ;
-------------------------------------
No paths to report.


--------------------------------------
; Slow 1200mV 0C Model Setup Summary ;
--------------------------------------
No paths to report.


-------------------------------------
; Slow 1200mV 0C Model Hold Summary ;
-------------------------------------
No paths to report.


-----------------------------------------
; Slow 1200mV 0C Model Recovery Summary ;
-----------------------------------------
No paths to report.


----------------------------------------
; Slow 1200mV 0C Model Removal Summary ;
----------------------------------------
No paths to report.


----------------------------------------------------
; Slow 1200mV 0C Model Minimum Pulse Width Summary ;
----------------------------------------------------
No paths to report.


----------------------------------------------
; Slow 1200mV 0C Model Metastability Summary ;
----------------------------------------------
No synchronizer chains to report.


--------------------------------------
; Fast 1200mV 0C Model Setup Summary ;
--------------------------------------
No paths to report.


-------------------------------------
; Fast 1200mV 0C Model Hold Summary ;
-------------------------------------
No paths to report.


-----------------------------------------
; Fast 1200mV 0C Model Recovery Summary ;
-----------------------------------------
No paths to report.


----------------------------------------
; Fast 1200mV 0C Model Removal Summary ;
----------------------------------------
No paths to report.


----------------------------------------------------
; Fast 1200mV 0C Model Minimum Pulse Width Summary ;
----------------------------------------------------
No paths to report.


----------------------------------------------
; Fast 1200mV 0C Model Metastability Summary ;
----------------------------------------------
No synchronizer chains to report.


+----------------------------------------------------------------------------+
; Multicorner Timing Analysis Summary                                        ;
+------------------+-------+------+----------+---------+---------------------+
; Clock            ; Setup ; Hold ; Recovery ; Removal ; Minimum Pulse Width ;
+------------------+-------+------+----------+---------+---------------------+
; Worst-case Slack ; N/A   ; N/A  ; N/A      ; N/A     ; N/A                 ;
; Design-wide TNS  ; 0.0   ; 0.0  ; 0.0      ; 0.0     ; 0.0                 ;
+------------------+-------+------+----------+---------+---------------------+


+------------------------------------------------------------------------------------------------------------------------------------------------------------------------------------------------------------------------------------------------------------------------------------------------------------------------------------------------------------------------------------------------------------------+
; Board Trace Model Assignments                                                                                                                                                                                                                                                                                                                                                                                    ;
+---------------+--------------+-------------------+-------------------------+-------------------------+---------------+---------------------+----------------+------------------+--------+------------------+------------------------+------------------------+--------------+---------------+-----------------+-------+---------------------+--------------------+---------------+-----------------+-------------+
; Pin           ; I/O Standard ; Near Tline Length ; Near Tline L per Length ; Near Tline C per Length ; Near Series R ; Near Differential R ; Near Pull-up R ; Near Pull-down R ; Near C ; Far Tline Length ; Far Tline L per Length ; Far Tline C per Length ; Far Series R ; Far Pull-up R ; Far Pull-down R ; Far C ; Termination Voltage ; Far Differential R ; EBD File Name ; EBD Signal Name ; EBD Far-end ;
+---------------+--------------+-------------------+-------------------------+-------------------------+---------------+---------------------+----------------+------------------+--------+------------------+------------------------+------------------------+--------------+---------------+-----------------+-------+---------------------+--------------------+---------------+-----------------+-------------+
; CO            ; 2.5 V        ; 0 in              ; 0 H/in                  ; 0 F/in                  ; short         ; -                   ; open           ; open             ; open   ; 0 in             ; 0 H/in                 ; 0 F/in                 ; short        ; open          ; open            ; open  ; 0 V                 ; -                  ; n/a           ; n/a             ; n/a         ;
; DO3           ; 2.5 V        ; 0 in              ; 0 H/in                  ; 0 F/in                  ; short         ; -                   ; open           ; open             ; open   ; 0 in             ; 0 H/in                 ; 0 F/in                 ; short        ; open          ; open            ; open  ; 0 V                 ; -                  ; n/a           ; n/a             ; n/a         ;
; DO2           ; 2.5 V        ; 0 in              ; 0 H/in                  ; 0 F/in                  ; short         ; -                   ; open           ; open             ; open   ; 0 in             ; 0 H/in                 ; 0 F/in                 ; short        ; open          ; open            ; open  ; 0 V                 ; -                  ; n/a           ; n/a             ; n/a         ;
; DO1           ; 2.5 V        ; 0 in              ; 0 H/in                  ; 0 F/in                  ; short         ; -                   ; open           ; open             ; open   ; 0 in             ; 0 H/in                 ; 0 F/in                 ; short        ; open          ; open            ; open  ; 0 V                 ; -                  ; n/a           ; n/a             ; n/a         ;
; DO0           ; 2.5 V        ; 0 in              ; 0 H/in                  ; 0 F/in                  ; short         ; -                   ; open           ; open             ; open   ; 0 in             ; 0 H/in                 ; 0 F/in                 ; short        ; open          ; open            ; open  ; 0 V                 ; -                  ; n/a           ; n/a             ; n/a         ;
; ~ALTERA_DCLK~ ; 2.5 V        ; 0 in              ; 0 H/in                  ; 0 F/in                  ; short         ; -                   ; open           ; open             ; open   ; 0 in             ; 0 H/in                 ; 0 F/in                 ; short        ; open          ; open            ; open  ; 0 V                 ; -                  ; n/a           ; n/a             ; n/a         ;
; ~ALTERA_nCEO~ ; 2.5 V        ; 0 in              ; 0 H/in                  ; 0 F/in                  ; short         ; -                   ; open           ; open             ; open   ; 0 in             ; 0 H/in                 ; 0 F/in                 ; short        ; open          ; open            ; open  ; 0 V                 ; -                  ; n/a           ; n/a             ; n/a         ;
+---------------+--------------+-------------------+-------------------------+-------------------------+---------------+---------------------+----------------+------------------+--------+------------------+------------------------+------------------------+--------------+---------------+-----------------+-------+---------------------+--------------------+---------------+-----------------+-------------+


+----------------------------------------------------------------------------+
; Input Transition Times                                                     ;
+-------------------------+--------------+-----------------+-----------------+
; Pin                     ; I/O Standard ; 10-90 Rise Time ; 90-10 Fall Time ;
+-------------------------+--------------+-----------------+-----------------+
; EN2                     ; 2.5 V        ; 2000 ps         ; 2000 ps         ;
; DI1                     ; 2.5 V        ; 2000 ps         ; 2000 ps         ;
; DI0                     ; 2.5 V        ; 2000 ps         ; 2000 ps         ;
; EN1                     ; 2.5 V        ; 2000 ps         ; 2000 ps         ;
; DI3                     ; 2.5 V        ; 2000 ps         ; 2000 ps         ;
; DI2                     ; 2.5 V        ; 2000 ps         ; 2000 ps         ;
; ~ALTERA_ASDO_DATA1~     ; 2.5 V        ; 2000 ps         ; 2000 ps         ;
; ~ALTERA_FLASH_nCE_nCSO~ ; 2.5 V        ; 2000 ps         ; 2000 ps         ;
; ~ALTERA_DATA0~          ; 2.5 V        ; 2000 ps         ; 2000 ps         ;
+-------------------------+--------------+-----------------+-----------------+


+--------------------------------------------------------------------------------------------------------------------------------------------------------------------------------------------------------------------------------------------------------------------------------------------------------------------------------------------------------------------------------------------------------------------------------------------------------------------------------------------------------------------------------------------------------------------------------------------------------------------------------------------------------------------------------------------+
; Signal Integrity Metrics (Slow 1200mv 0c Model)                                                                                                                                                                                                                                                                                                                                                                                                                                                                                                                                                                                                                                            ;
+---------------+--------------+---------------------+---------------------+------------------------------+------------------------------+---------------------+---------------------+--------------------------------------+--------------------------------------+-----------------------------+-----------------------------+----------------------------+----------------------------+-----------------------------+-----------------------------+--------------------+--------------------+-------------------------------------+-------------------------------------+----------------------------+----------------------------+---------------------------+---------------------------+
; Pin           ; I/O Standard ; Board Delay on Rise ; Board Delay on Fall ; Steady State Voh at FPGA Pin ; Steady State Vol at FPGA Pin ; Voh Max at FPGA Pin ; Vol Min at FPGA Pin ; Ringback Voltage on Rise at FPGA Pin ; Ringback Voltage on Fall at FPGA Pin ; 10-90 Rise Time at FPGA Pin ; 90-10 Fall Time at FPGA Pin ; Monotonic Rise at FPGA Pin ; Monotonic Fall at FPGA Pin ; Steady State Voh at Far-end ; Steady State Vol at Far-end ; Voh Max at Far-end ; Vol Min at Far-end ; Ringback Voltage on Rise at Far-end ; Ringback Voltage on Fall at Far-end ; 10-90 Rise Time at Far-end ; 90-10 Fall Time at Far-end ; Monotonic Rise at Far-end ; Monotonic Fall at Far-end ;
+---------------+--------------+---------------------+---------------------+------------------------------+------------------------------+---------------------+---------------------+--------------------------------------+--------------------------------------+-----------------------------+-----------------------------+----------------------------+----------------------------+-----------------------------+-----------------------------+--------------------+--------------------+-------------------------------------+-------------------------------------+----------------------------+----------------------------+---------------------------+---------------------------+
; CO            ; 2.5 V        ; 0 s                 ; 0 s                 ; 2.32 V                       ; 3.07e-09 V                   ; 2.37 V              ; -0.00994 V          ; 0.186 V                              ; 0.028 V                              ; 4.98e-10 s                  ; 4.96e-10 s                  ; Yes                        ; Yes                        ; 2.32 V                      ; 3.07e-09 V                  ; 2.37 V             ; -0.00994 V         ; 0.186 V                             ; 0.028 V                             ; 4.98e-10 s                 ; 4.96e-10 s                 ; Yes                       ; Yes                       ;
; DO3           ; 2.5 V        ; 0 s                 ; 0 s                 ; 2.32 V                       ; 3.07e-09 V                   ; 2.37 V              ; -0.00994 V          ; 0.186 V                              ; 0.028 V                              ; 4.98e-10 s                  ; 4.96e-10 s                  ; Yes                        ; Yes                        ; 2.32 V                      ; 3.07e-09 V                  ; 2.37 V             ; -0.00994 V         ; 0.186 V                             ; 0.028 V                             ; 4.98e-10 s                 ; 4.96e-10 s                 ; Yes                       ; Yes                       ;
; DO2           ; 2.5 V        ; 0 s                 ; 0 s                 ; 2.32 V                       ; 3.07e-09 V                   ; 2.37 V              ; -0.00994 V          ; 0.186 V                              ; 0.028 V                              ; 4.98e-10 s                  ; 4.96e-10 s                  ; Yes                        ; Yes                        ; 2.32 V                      ; 3.07e-09 V                  ; 2.37 V             ; -0.00994 V         ; 0.186 V                             ; 0.028 V                             ; 4.98e-10 s                 ; 4.96e-10 s                 ; Yes                       ; Yes                       ;
; DO1           ; 2.5 V        ; 0 s                 ; 0 s                 ; 2.32 V                       ; 3.07e-09 V                   ; 2.37 V              ; -0.00994 V          ; 0.186 V                              ; 0.028 V                              ; 4.98e-10 s                  ; 4.96e-10 s                  ; Yes                        ; Yes                        ; 2.32 V                      ; 3.07e-09 V                  ; 2.37 V             ; -0.00994 V         ; 0.186 V                             ; 0.028 V                             ; 4.98e-10 s                 ; 4.96e-10 s                 ; Yes                       ; Yes                       ;
; DO0           ; 2.5 V        ; 0 s                 ; 0 s                 ; 2.32 V                       ; 3.07e-09 V                   ; 2.38 V              ; -0.0144 V           ; 0.227 V                              ; 0.024 V                              ; 3.14e-10 s                  ; 3.39e-10 s                  ; Yes                        ; Yes                        ; 2.32 V                      ; 3.07e-09 V                  ; 2.38 V             ; -0.0144 V          ; 0.227 V                             ; 0.024 V                             ; 3.14e-10 s                 ; 3.39e-10 s                 ; Yes                       ; Yes                       ;
; ~ALTERA_DCLK~ ; 2.5 V        ; 0 s                 ; 0 s                 ; 2.32 V                       ; 2.67e-09 V                   ; 2.38 V              ; -0.0485 V           ; 0.167 V                              ; 0.096 V                              ; 2.95e-10 s                  ; 2.73e-10 s                  ; Yes                        ; Yes                        ; 2.32 V                      ; 2.67e-09 V                  ; 2.38 V             ; -0.0485 V          ; 0.167 V                             ; 0.096 V                             ; 2.95e-10 s                 ; 2.73e-10 s                 ; Yes                       ; Yes                       ;
; ~ALTERA_nCEO~ ; 2.5 V        ; 0 s                 ; 0 s                 ; 2.32 V                       ; 4.18e-09 V                   ; 2.38 V              ; -0.00483 V          ; 0.152 V                              ; 0.012 V                              ; 4.81e-10 s                  ; 6.29e-10 s                  ; Yes                        ; Yes                        ; 2.32 V                      ; 4.18e-09 V                  ; 2.38 V             ; -0.00483 V         ; 0.152 V                             ; 0.012 V                             ; 4.81e-10 s                 ; 6.29e-10 s                 ; Yes                       ; Yes                       ;
+---------------+--------------+---------------------+---------------------+------------------------------+------------------------------+---------------------+---------------------+--------------------------------------+--------------------------------------+-----------------------------+-----------------------------+----------------------------+----------------------------+-----------------------------+-----------------------------+--------------------+--------------------+-------------------------------------+-------------------------------------+----------------------------+----------------------------+---------------------------+---------------------------+


+--------------------------------------------------------------------------------------------------------------------------------------------------------------------------------------------------------------------------------------------------------------------------------------------------------------------------------------------------------------------------------------------------------------------------------------------------------------------------------------------------------------------------------------------------------------------------------------------------------------------------------------------------------------------------------------------+
; Signal Integrity Metrics (Slow 1200mv 85c Model)                                                                                                                                                                                                                                                                                                                                                                                                                                                                                                                                                                                                                                           ;
+---------------+--------------+---------------------+---------------------+------------------------------+------------------------------+---------------------+---------------------+--------------------------------------+--------------------------------------+-----------------------------+-----------------------------+----------------------------+----------------------------+-----------------------------+-----------------------------+--------------------+--------------------+-------------------------------------+-------------------------------------+----------------------------+----------------------------+---------------------------+---------------------------+
; Pin           ; I/O Standard ; Board Delay on Rise ; Board Delay on Fall ; Steady State Voh at FPGA Pin ; Steady State Vol at FPGA Pin ; Voh Max at FPGA Pin ; Vol Min at FPGA Pin ; Ringback Voltage on Rise at FPGA Pin ; Ringback Voltage on Fall at FPGA Pin ; 10-90 Rise Time at FPGA Pin ; 90-10 Fall Time at FPGA Pin ; Monotonic Rise at FPGA Pin ; Monotonic Fall at FPGA Pin ; Steady State Voh at Far-end ; Steady State Vol at Far-end ; Voh Max at Far-end ; Vol Min at Far-end ; Ringback Voltage on Rise at Far-end ; Ringback Voltage on Fall at Far-end ; 10-90 Rise Time at Far-end ; 90-10 Fall Time at Far-end ; Monotonic Rise at Far-end ; Monotonic Fall at Far-end ;
+---------------+--------------+---------------------+---------------------+------------------------------+------------------------------+---------------------+---------------------+--------------------------------------+--------------------------------------+-----------------------------+-----------------------------+----------------------------+----------------------------+-----------------------------+-----------------------------+--------------------+--------------------+-------------------------------------+-------------------------------------+----------------------------+----------------------------+---------------------------+---------------------------+
; CO            ; 2.5 V        ; 0 s                 ; 0 s                 ; 2.32 V                       ; 4.67e-07 V                   ; 2.35 V              ; -0.00942 V          ; 0.116 V                              ; 0.033 V                              ; 6.66e-10 s                  ; 6.27e-10 s                  ; Yes                        ; Yes                        ; 2.32 V                      ; 4.67e-07 V                  ; 2.35 V             ; -0.00942 V         ; 0.116 V                             ; 0.033 V                             ; 6.66e-10 s                 ; 6.27e-10 s                 ; Yes                       ; Yes                       ;
; DO3           ; 2.5 V        ; 0 s                 ; 0 s                 ; 2.32 V                       ; 4.67e-07 V                   ; 2.35 V              ; -0.00942 V          ; 0.116 V                              ; 0.033 V                              ; 6.66e-10 s                  ; 6.27e-10 s                  ; Yes                        ; Yes                        ; 2.32 V                      ; 4.67e-07 V                  ; 2.35 V             ; -0.00942 V         ; 0.116 V                             ; 0.033 V                             ; 6.66e-10 s                 ; 6.27e-10 s                 ; Yes                       ; Yes                       ;
; DO2           ; 2.5 V        ; 0 s                 ; 0 s                 ; 2.32 V                       ; 4.67e-07 V                   ; 2.35 V              ; -0.00942 V          ; 0.116 V                              ; 0.033 V                              ; 6.66e-10 s                  ; 6.27e-10 s                  ; Yes                        ; Yes                        ; 2.32 V                      ; 4.67e-07 V                  ; 2.35 V             ; -0.00942 V         ; 0.116 V                             ; 0.033 V                             ; 6.66e-10 s                 ; 6.27e-10 s                 ; Yes                       ; Yes                       ;
; DO1           ; 2.5 V        ; 0 s                 ; 0 s                 ; 2.32 V                       ; 4.67e-07 V                   ; 2.35 V              ; -0.00942 V          ; 0.116 V                              ; 0.033 V                              ; 6.66e-10 s                  ; 6.27e-10 s                  ; Yes                        ; Yes                        ; 2.32 V                      ; 4.67e-07 V                  ; 2.35 V             ; -0.00942 V         ; 0.116 V                             ; 0.033 V                             ; 6.66e-10 s                 ; 6.27e-10 s                 ; Yes                       ; Yes                       ;
; DO0           ; 2.5 V        ; 0 s                 ; 0 s                 ; 2.32 V                       ; 4.67e-07 V                   ; 2.36 V              ; -0.00552 V          ; 0.11 V                               ; 0.007 V                              ; 4.54e-10 s                  ; 4.35e-10 s                  ; Yes                        ; Yes                        ; 2.32 V                      ; 4.67e-07 V                  ; 2.36 V             ; -0.00552 V         ; 0.11 V                              ; 0.007 V                             ; 4.54e-10 s                 ; 4.35e-10 s                 ; Yes                       ; Yes                       ;
; ~ALTERA_DCLK~ ; 2.5 V        ; 0 s                 ; 0 s                 ; 2.32 V                       ; 3.75e-07 V                   ; 2.35 V              ; -0.0109 V           ; 0.084 V                              ; 0.027 V                              ; 4.31e-10 s                  ; 3.61e-10 s                  ; Yes                        ; Yes                        ; 2.32 V                      ; 3.75e-07 V                  ; 2.35 V             ; -0.0109 V          ; 0.084 V                             ; 0.027 V                             ; 4.31e-10 s                 ; 3.61e-10 s                 ; Yes                       ; Yes                       ;
; ~ALTERA_nCEO~ ; 2.5 V        ; 0 s                 ; 0 s                 ; 2.32 V                       ; 6.15e-07 V                   ; 2.35 V              ; -0.00712 V          ; 0.093 V                              ; 0.02 V                               ; 6.21e-10 s                  ; 7.9e-10 s                   ; Yes                        ; Yes                        ; 2.32 V                      ; 6.15e-07 V                  ; 2.35 V             ; -0.00712 V         ; 0.093 V                             ; 0.02 V                              ; 6.21e-10 s                 ; 7.9e-10 s                  ; Yes                       ; Yes                       ;
+---------------+--------------+---------------------+---------------------+------------------------------+------------------------------+---------------------+---------------------+--------------------------------------+--------------------------------------+-----------------------------+-----------------------------+----------------------------+----------------------------+-----------------------------+-----------------------------+--------------------+--------------------+-------------------------------------+-------------------------------------+----------------------------+----------------------------+---------------------------+---------------------------+


+--------------------------------------------------------------------------------------------------------------------------------------------------------------------------------------------------------------------------------------------------------------------------------------------------------------------------------------------------------------------------------------------------------------------------------------------------------------------------------------------------------------------------------------------------------------------------------------------------------------------------------------------------------------------------------------------+
; Signal Integrity Metrics (Fast 1200mv 0c Model)                                                                                                                                                                                                                                                                                                                                                                                                                                                                                                                                                                                                                                            ;
+---------------+--------------+---------------------+---------------------+------------------------------+------------------------------+---------------------+---------------------+--------------------------------------+--------------------------------------+-----------------------------+-----------------------------+----------------------------+----------------------------+-----------------------------+-----------------------------+--------------------+--------------------+-------------------------------------+-------------------------------------+----------------------------+----------------------------+---------------------------+---------------------------+
; Pin           ; I/O Standard ; Board Delay on Rise ; Board Delay on Fall ; Steady State Voh at FPGA Pin ; Steady State Vol at FPGA Pin ; Voh Max at FPGA Pin ; Vol Min at FPGA Pin ; Ringback Voltage on Rise at FPGA Pin ; Ringback Voltage on Fall at FPGA Pin ; 10-90 Rise Time at FPGA Pin ; 90-10 Fall Time at FPGA Pin ; Monotonic Rise at FPGA Pin ; Monotonic Fall at FPGA Pin ; Steady State Voh at Far-end ; Steady State Vol at Far-end ; Voh Max at Far-end ; Vol Min at Far-end ; Ringback Voltage on Rise at Far-end ; Ringback Voltage on Fall at Far-end ; 10-90 Rise Time at Far-end ; 90-10 Fall Time at Far-end ; Monotonic Rise at Far-end ; Monotonic Fall at Far-end ;
+---------------+--------------+---------------------+---------------------+------------------------------+------------------------------+---------------------+---------------------+--------------------------------------+--------------------------------------+-----------------------------+-----------------------------+----------------------------+----------------------------+-----------------------------+-----------------------------+--------------------+--------------------+-------------------------------------+-------------------------------------+----------------------------+----------------------------+---------------------------+---------------------------+
; CO            ; 2.5 V        ; 0 s                 ; 0 s                 ; 2.62 V                       ; 2.74e-08 V                   ; 2.71 V              ; -0.0317 V           ; 0.148 V                              ; 0.064 V                              ; 4.51e-10 s                  ; 4.15e-10 s                  ; No                         ; Yes                        ; 2.62 V                      ; 2.74e-08 V                  ; 2.71 V             ; -0.0317 V          ; 0.148 V                             ; 0.064 V                             ; 4.51e-10 s                 ; 4.15e-10 s                 ; No                        ; Yes                       ;
; DO3           ; 2.5 V        ; 0 s                 ; 0 s                 ; 2.62 V                       ; 2.74e-08 V                   ; 2.71 V              ; -0.0317 V           ; 0.148 V                              ; 0.064 V                              ; 4.51e-10 s                  ; 4.15e-10 s                  ; No                         ; Yes                        ; 2.62 V                      ; 2.74e-08 V                  ; 2.71 V             ; -0.0317 V          ; 0.148 V                             ; 0.064 V                             ; 4.51e-10 s                 ; 4.15e-10 s                 ; No                        ; Yes                       ;
; DO2           ; 2.5 V        ; 0 s                 ; 0 s                 ; 2.62 V                       ; 2.74e-08 V                   ; 2.71 V              ; -0.0317 V           ; 0.148 V                              ; 0.064 V                              ; 4.51e-10 s                  ; 4.15e-10 s                  ; No                         ; Yes                        ; 2.62 V                      ; 2.74e-08 V                  ; 2.71 V             ; -0.0317 V          ; 0.148 V                             ; 0.064 V                             ; 4.51e-10 s                 ; 4.15e-10 s                 ; No                        ; Yes                       ;
; DO1           ; 2.5 V        ; 0 s                 ; 0 s                 ; 2.62 V                       ; 2.74e-08 V                   ; 2.71 V              ; -0.0317 V           ; 0.148 V                              ; 0.064 V                              ; 4.51e-10 s                  ; 4.15e-10 s                  ; No                         ; Yes                        ; 2.62 V                      ; 2.74e-08 V                  ; 2.71 V             ; -0.0317 V          ; 0.148 V                             ; 0.064 V                             ; 4.51e-10 s                 ; 4.15e-10 s                 ; No                        ; Yes                       ;
; DO0           ; 2.5 V        ; 0 s                 ; 0 s                 ; 2.62 V                       ; 2.74e-08 V                   ; 2.73 V              ; -0.0384 V           ; 0.169 V                              ; 0.089 V                              ; 2.7e-10 s                   ; 2.62e-10 s                  ; Yes                        ; Yes                        ; 2.62 V                      ; 2.74e-08 V                  ; 2.73 V             ; -0.0384 V          ; 0.169 V                             ; 0.089 V                             ; 2.7e-10 s                  ; 2.62e-10 s                 ; Yes                       ; Yes                       ;
; ~ALTERA_DCLK~ ; 2.5 V        ; 0 s                 ; 0 s                 ; 2.62 V                       ; 2.22e-08 V                   ; 2.74 V              ; -0.06 V             ; 0.158 V                              ; 0.08 V                               ; 2.68e-10 s                  ; 2.19e-10 s                  ; Yes                        ; Yes                        ; 2.62 V                      ; 2.22e-08 V                  ; 2.74 V             ; -0.06 V            ; 0.158 V                             ; 0.08 V                              ; 2.68e-10 s                 ; 2.19e-10 s                 ; Yes                       ; Yes                       ;
; ~ALTERA_nCEO~ ; 2.5 V        ; 0 s                 ; 0 s                 ; 2.62 V                       ; 3.54e-08 V                   ; 2.7 V               ; -0.00943 V          ; 0.276 V                              ; 0.035 V                              ; 3.19e-10 s                  ; 4.99e-10 s                  ; No                         ; Yes                        ; 2.62 V                      ; 3.54e-08 V                  ; 2.7 V              ; -0.00943 V         ; 0.276 V                             ; 0.035 V                             ; 3.19e-10 s                 ; 4.99e-10 s                 ; No                        ; Yes                       ;
+---------------+--------------+---------------------+---------------------+------------------------------+------------------------------+---------------------+---------------------+--------------------------------------+--------------------------------------+-----------------------------+-----------------------------+----------------------------+----------------------------+-----------------------------+-----------------------------+--------------------+--------------------+-------------------------------------+-------------------------------------+----------------------------+----------------------------+---------------------------+---------------------------+


-------------------
; Clock Transfers ;
-------------------
Nothing to report.


---------------
; Report TCCS ;
---------------
No dedicated SERDES Transmitter circuitry present in device or used in design


---------------
; Report RSKM ;
---------------
No non-DPA dedicated SERDES Receiver circuitry present in device or used in design


+------------------------------------------------+
; Unconstrained Paths Summary                    ;
+---------------------------------+-------+------+
; Property                        ; Setup ; Hold ;
+---------------------------------+-------+------+
; Illegal Clocks                  ; 0     ; 0    ;
; Unconstrained Clocks            ; 0     ; 0    ;
; Unconstrained Input Ports       ; 6     ; 6    ;
; Unconstrained Input Port Paths  ; 24    ; 24   ;
; Unconstrained Output Ports      ; 5     ; 5    ;
; Unconstrained Output Port Paths ; 24    ; 24   ;
+---------------------------------+-------+------+


+---------------------------------------------------------------------------------------------------+
; Unconstrained Input Ports                                                                         ;
+------------+--------------------------------------------------------------------------------------+
; Input Port ; Comment                                                                              ;
+------------+--------------------------------------------------------------------------------------+
; DI0        ; No input delay, min/max delays, false-path exceptions, or max skew assignments found ;
; DI1        ; No input delay, min/max delays, false-path exceptions, or max skew assignments found ;
; DI2        ; No input delay, min/max delays, false-path exceptions, or max skew assignments found ;
; DI3        ; No input delay, min/max delays, false-path exceptions, or max skew assignments found ;
; EN1        ; No input delay, min/max delays, false-path exceptions, or max skew assignments found ;
; EN2        ; No input delay, min/max delays, false-path exceptions, or max skew assignments found ;
+------------+--------------------------------------------------------------------------------------+


+-----------------------------------------------------------------------------------------------------+
; Unconstrained Output Ports                                                                          ;
+-------------+---------------------------------------------------------------------------------------+
; Output Port ; Comment                                                                               ;
+-------------+---------------------------------------------------------------------------------------+
; CO          ; No output delay, min/max delays, false-path exceptions, or max skew assignments found ;
; DO0         ; No output delay, min/max delays, false-path exceptions, or max skew assignments found ;
; DO1         ; No output delay, min/max delays, false-path exceptions, or max skew assignments found ;
; DO2         ; No output delay, min/max delays, false-path exceptions, or max skew assignments found ;
; DO3         ; No output delay, min/max delays, false-path exceptions, or max skew assignments found ;
+-------------+---------------------------------------------------------------------------------------+


+---------------------------------------------------------------------------------------------------+
; Unconstrained Input Ports                                                                         ;
+------------+--------------------------------------------------------------------------------------+
; Input Port ; Comment                                                                              ;
+------------+--------------------------------------------------------------------------------------+
; DI0        ; No input delay, min/max delays, false-path exceptions, or max skew assignments found ;
; DI1        ; No input delay, min/max delays, false-path exceptions, or max skew assignments found ;
; DI2        ; No input delay, min/max delays, false-path exceptions, or max skew assignments found ;
; DI3        ; No input delay, min/max delays, false-path exceptions, or max skew assignments found ;
; EN1        ; No input delay, min/max delays, false-path exceptions, or max skew assignments found ;
; EN2        ; No input delay, min/max delays, false-path exceptions, or max skew assignments found ;
+------------+--------------------------------------------------------------------------------------+


+-----------------------------------------------------------------------------------------------------+
; Unconstrained Output Ports                                                                          ;
+-------------+---------------------------------------------------------------------------------------+
; Output Port ; Comment                                                                               ;
+-------------+---------------------------------------------------------------------------------------+
; CO          ; No output delay, min/max delays, false-path exceptions, or max skew assignments found ;
; DO0         ; No output delay, min/max delays, false-path exceptions, or max skew assignments found ;
; DO1         ; No output delay, min/max delays, false-path exceptions, or max skew assignments found ;
; DO2         ; No output delay, min/max delays, false-path exceptions, or max skew assignments found ;
; DO3         ; No output delay, min/max delays, false-path exceptions, or max skew assignments found ;
+-------------+---------------------------------------------------------------------------------------+


+------------------------------------+
; TimeQuest Timing Analyzer Messages ;
+------------------------------------+
Info: *******************************************************************
Info: Running Quartus Prime TimeQuest Timing Analyzer
    Info: Version 17.1.1 Internal Build 593 12/11/2017 SJ Lite Edition
    Info: Processing started: Tue Jan 23 14:51:28 2018
Info: Command: quartus_sta Lab2 -c Ver2
Info: qsta_default_script.tcl version: #3
Info (20030): Parallel compilation is enabled and will use 4 of the 4 processors detected
Info (21077): Low junction temperature is 0 degrees C
Info (21077): High junction temperature is 85 degrees C
Info (332104): Reading SDC File: 'cpu.sdc'
Warning (332174): Ignored filter at cpu.sdc(46): *cpu:the_cpu|cpu_nios2_oci:the_cpu_nios2_oci|cpu_nios2_oci_break:the_cpu_nios2_oci_break|break_readreg* could not be matched with a keeper File: C:/Users/stens/Documents/NTNU/TFE4205/Lab2/cpu.sdc Line: 46
Warning (332174): Ignored filter at cpu.sdc(46): *cpu:the_cpu|cpu_nios2_oci:the_cpu_nios2_oci|cpu_jtag_debug_module_wrapper:the_cpu_jtag_debug_module_wrapper|cpu_jtag_debug_module_tck:the_cpu_jtag_debug_module_tck|*sr* could not be matched with a keeper File: C:/Users/stens/Documents/NTNU/TFE4205/Lab2/cpu.sdc Line: 46
Warning (332049): Ignored set_false_path at cpu.sdc(46): Argument <from> is an empty collection File: C:/Users/stens/Documents/NTNU/TFE4205/Lab2/cpu.sdc Line: 46
    Info (332050): set_false_path -from [get_keepers *$cpu_oci_break_path|break_readreg*] -to [get_keepers *$cpu_jtag_sr*] File: C:/Users/stens/Documents/NTNU/TFE4205/Lab2/cpu.sdc Line: 46
Warning (332049): Ignored set_false_path at cpu.sdc(46): Argument <to> is an empty collection File: C:/Users/stens/Documents/NTNU/TFE4205/Lab2/cpu.sdc Line: 46
Warning (332174): Ignored filter at cpu.sdc(47): *cpu:the_cpu|cpu_nios2_oci:the_cpu_nios2_oci|cpu_nios2_oci_debug:the_cpu_nios2_oci_debug|*resetlatch could not be matched with a keeper File: C:/Users/stens/Documents/NTNU/TFE4205/Lab2/cpu.sdc Line: 47
Warning (332174): Ignored filter at cpu.sdc(47): *cpu:the_cpu|cpu_nios2_oci:the_cpu_nios2_oci|cpu_jtag_debug_module_wrapper:the_cpu_jtag_debug_module_wrapper|cpu_jtag_debug_module_tck:the_cpu_jtag_debug_module_tck|*sr[33] could not be matched with a keeper File: C:/Users/stens/Documents/NTNU/TFE4205/Lab2/cpu.sdc Line: 47
Warning (332049): Ignored set_false_path at cpu.sdc(47): Argument <from> is an empty collection File: C:/Users/stens/Documents/NTNU/TFE4205/Lab2/cpu.sdc Line: 47
    Info (332050): set_false_path -from [get_keepers *$cpu_oci_debug_path|*resetlatch]     -to [get_keepers *$cpu_jtag_sr[33]] File: C:/Users/stens/Documents/NTNU/TFE4205/Lab2/cpu.sdc Line: 47
Warning (332049): Ignored set_false_path at cpu.sdc(47): Argument <to> is an empty collection File: C:/Users/stens/Documents/NTNU/TFE4205/Lab2/cpu.sdc Line: 47
Warning (332174): Ignored filter at cpu.sdc(48): *cpu:the_cpu|cpu_nios2_oci:the_cpu_nios2_oci|cpu_nios2_oci_debug:the_cpu_nios2_oci_debug|monitor_ready could not be matched with a keeper File: C:/Users/stens/Documents/NTNU/TFE4205/Lab2/cpu.sdc Line: 48
Warning (332174): Ignored filter at cpu.sdc(48): *cpu:the_cpu|cpu_nios2_oci:the_cpu_nios2_oci|cpu_jtag_debug_module_wrapper:the_cpu_jtag_debug_module_wrapper|cpu_jtag_debug_module_tck:the_cpu_jtag_debug_module_tck|*sr[0] could not be matched with a keeper File: C:/Users/stens/Documents/NTNU/TFE4205/Lab2/cpu.sdc Line: 48
Warning (332049): Ignored set_false_path at cpu.sdc(48): Argument <from> is an empty collection File: C:/Users/stens/Documents/NTNU/TFE4205/Lab2/cpu.sdc Line: 48
    Info (332050): set_false_path -from [get_keepers *$cpu_oci_debug_path|monitor_ready]  -to [get_keepers *$cpu_jtag_sr[0]] File: C:/Users/stens/Documents/NTNU/TFE4205/Lab2/cpu.sdc Line: 48
Warning (332049): Ignored set_false_path at cpu.sdc(48): Argument <to> is an empty collection File: C:/Users/stens/Documents/NTNU/TFE4205/Lab2/cpu.sdc Line: 48
Warning (332174): Ignored filter at cpu.sdc(49): *cpu:the_cpu|cpu_nios2_oci:the_cpu_nios2_oci|cpu_jtag_debug_module_wrapper:the_cpu_jtag_debug_module_wrapper|cpu_jtag_debug_module_tck:the_cpu_jtag_debug_module_tck|monitor_ready_sync1 could not be matched with a keeper File: C:/Users/stens/Documents/NTNU/TFE4205/Lab2/cpu.sdc Line: 49
Warning (332049): Ignored set_false_path at cpu.sdc(49): Argument <from> is an empty collection File: C:/Users/stens/Documents/NTNU/TFE4205/Lab2/cpu.sdc Line: 49
    Info (332050): set_false_path -from [get_keepers *$cpu_oci_debug_path|monitor_ready]  -to [get_keepers *$cpu_jtag_tck_path|monitor_ready_sync1] File: C:/Users/stens/Documents/NTNU/TFE4205/Lab2/cpu.sdc Line: 49
Warning (332049): Ignored set_false_path at cpu.sdc(49): Argument <to> is an empty collection File: C:/Users/stens/Documents/NTNU/TFE4205/Lab2/cpu.sdc Line: 49
Warning (332174): Ignored filter at cpu.sdc(50): *cpu:the_cpu|cpu_nios2_oci:the_cpu_nios2_oci|cpu_nios2_oci_debug:the_cpu_nios2_oci_debug|monitor_error could not be matched with a keeper File: C:/Users/stens/Documents/NTNU/TFE4205/Lab2/cpu.sdc Line: 50
Warning (332174): Ignored filter at cpu.sdc(50): *cpu:the_cpu|cpu_nios2_oci:the_cpu_nios2_oci|cpu_jtag_debug_module_wrapper:the_cpu_jtag_debug_module_wrapper|cpu_jtag_debug_module_tck:the_cpu_jtag_debug_module_tck|*sr[34] could not be matched with a keeper File: C:/Users/stens/Documents/NTNU/TFE4205/Lab2/cpu.sdc Line: 50
Warning (332049): Ignored set_false_path at cpu.sdc(50): Argument <from> is an empty collection File: C:/Users/stens/Documents/NTNU/TFE4205/Lab2/cpu.sdc Line: 50
    Info (332050): set_false_path -from [get_keepers *$cpu_oci_debug_path|monitor_error]  -to [get_keepers *$cpu_jtag_sr[34]] File: C:/Users/stens/Documents/NTNU/TFE4205/Lab2/cpu.sdc Line: 50
Warning (332049): Ignored set_false_path at cpu.sdc(50): Argument <to> is an empty collection File: C:/Users/stens/Documents/NTNU/TFE4205/Lab2/cpu.sdc Line: 50
Warning (332174): Ignored filter at cpu.sdc(51): *cpu:the_cpu|cpu_nios2_oci:the_cpu_nios2_oci|cpu_nios2_ocimem:the_cpu_nios2_ocimem|*MonDReg* could not be matched with a keeper File: C:/Users/stens/Documents/NTNU/TFE4205/Lab2/cpu.sdc Line: 51
Warning (332049): Ignored set_false_path at cpu.sdc(51): Argument <from> is an empty collection File: C:/Users/stens/Documents/NTNU/TFE4205/Lab2/cpu.sdc Line: 51
    Info (332050): set_false_path -from [get_keepers *$cpu_ocimem_path|*MonDReg*] -to [get_keepers *$cpu_jtag_sr*] File: C:/Users/stens/Documents/NTNU/TFE4205/Lab2/cpu.sdc Line: 51
Warning (332049): Ignored set_false_path at cpu.sdc(51): Argument <to> is an empty collection File: C:/Users/stens/Documents/NTNU/TFE4205/Lab2/cpu.sdc Line: 51
Warning (332174): Ignored filter at cpu.sdc(52): *cpu:the_cpu|hbreak_enabled could not be matched with a keeper File: C:/Users/stens/Documents/NTNU/TFE4205/Lab2/cpu.sdc Line: 52
Warning (332174): Ignored filter at cpu.sdc(52): *cpu:the_cpu|cpu_nios2_oci:the_cpu_nios2_oci|cpu_jtag_debug_module_wrapper:the_cpu_jtag_debug_module_wrapper|cpu_jtag_debug_module_tck:the_cpu_jtag_debug_module_tck|debugack_sync1 could not be matched with a keeper File: C:/Users/stens/Documents/NTNU/TFE4205/Lab2/cpu.sdc Line: 52
Warning (332049): Ignored set_false_path at cpu.sdc(52): Argument <from> is an empty collection File: C:/Users/stens/Documents/NTNU/TFE4205/Lab2/cpu.sdc Line: 52
    Info (332050): set_false_path -from [get_keepers *$cpu|hbreak_enabled] -to [get_keepers *$cpu_jtag_tck_path|debugack_sync1] File: C:/Users/stens/Documents/NTNU/TFE4205/Lab2/cpu.sdc Line: 52
Warning (332049): Ignored set_false_path at cpu.sdc(52): Argument <to> is an empty collection File: C:/Users/stens/Documents/NTNU/TFE4205/Lab2/cpu.sdc Line: 52
Warning (332174): Ignored filter at cpu.sdc(53): *cpu:the_cpu|cpu_nios2_oci:the_cpu_nios2_oci|cpu_jtag_debug_module_wrapper:the_cpu_jtag_debug_module_wrapper|cpu_jtag_debug_module_tck:the_cpu_jtag_debug_module_tck|*sr* could not be matched with a clock or keeper or register or port or pin or cell or partition File: C:/Users/stens/Documents/NTNU/TFE4205/Lab2/cpu.sdc Line: 53
Warning (332174): Ignored filter at cpu.sdc(53): *cpu:the_cpu|cpu_nios2_oci:the_cpu_nios2_oci|cpu_jtag_debug_module_wrapper:the_cpu_jtag_debug_module_wrapper|cpu_jtag_debug_module_sysclk:the_cpu_jtag_debug_module_sysclk|*jdo* could not be matched with a clock or keeper or register or port or pin or cell or partition File: C:/Users/stens/Documents/NTNU/TFE4205/Lab2/cpu.sdc Line: 53
Warning (332049): Ignored set_false_path at cpu.sdc(53): Argument <from> is not an object ID File: C:/Users/stens/Documents/NTNU/TFE4205/Lab2/cpu.sdc Line: 53
    Info (332050): set_false_path -from *$cpu_jtag_sr*    -to *$cpu_jtag_sysclk_path|*jdo* File: C:/Users/stens/Documents/NTNU/TFE4205/Lab2/cpu.sdc Line: 53
Warning (332049): Ignored set_false_path at cpu.sdc(53): Argument <to> is not an object ID File: C:/Users/stens/Documents/NTNU/TFE4205/Lab2/cpu.sdc Line: 53
Warning (332174): Ignored filter at cpu.sdc(54): sld_hub:sld_hub_inst* could not be matched with a clock or keeper or register or port or pin or cell or partition File: C:/Users/stens/Documents/NTNU/TFE4205/Lab2/cpu.sdc Line: 54
Warning (332174): Ignored filter at cpu.sdc(54): *cpu:the_cpu|cpu_nios2_oci:the_cpu_nios2_oci|cpu_jtag_debug_module_wrapper:the_cpu_jtag_debug_module_wrapper|cpu_jtag_debug_module_sysclk:the_cpu_jtag_debug_module_sysclk|uir_sync1 could not be matched with a clock or keeper or register or port or pin or cell or partition File: C:/Users/stens/Documents/NTNU/TFE4205/Lab2/cpu.sdc Line: 54
Warning (332049): Ignored set_false_path at cpu.sdc(54): Argument <from> is not an object ID File: C:/Users/stens/Documents/NTNU/TFE4205/Lab2/cpu.sdc Line: 54
    Info (332050): set_false_path -from sld_hub:sld_hub_inst* -to *$cpu_jtag_sysclk_path|uir_sync1 File: C:/Users/stens/Documents/NTNU/TFE4205/Lab2/cpu.sdc Line: 54
Warning (332049): Ignored set_false_path at cpu.sdc(54): Argument <to> is not an object ID File: C:/Users/stens/Documents/NTNU/TFE4205/Lab2/cpu.sdc Line: 54
Warning (332174): Ignored filter at cpu.sdc(55): *cpu:the_cpu|cpu_nios2_oci:the_cpu_nios2_oci|cpu_jtag_debug_module_wrapper:the_cpu_jtag_debug_module_wrapper|cpu_jtag_debug_module_sysclk:the_cpu_jtag_debug_module_sysclk|udr_sync1 could not be matched with a clock or keeper or register or port or pin or cell or partition File: C:/Users/stens/Documents/NTNU/TFE4205/Lab2/cpu.sdc Line: 55
Warning (332049): Ignored set_false_path at cpu.sdc(55): Argument <from> is not an object ID File: C:/Users/stens/Documents/NTNU/TFE4205/Lab2/cpu.sdc Line: 55
    Info (332050): set_false_path -from sld_hub:sld_hub_inst* -to *$cpu_jtag_sysclk_path|udr_sync1 File: C:/Users/stens/Documents/NTNU/TFE4205/Lab2/cpu.sdc Line: 55
Warning (332049): Ignored set_false_path at cpu.sdc(55): Argument <to> is not an object ID File: C:/Users/stens/Documents/NTNU/TFE4205/Lab2/cpu.sdc Line: 55
Warning (332174): Ignored filter at cpu.sdc(56): sld_hub:sld_hub_inst|sld_dffex*|Q* could not be matched with a clock or keeper or register or port or pin or cell or partition File: C:/Users/stens/Documents/NTNU/TFE4205/Lab2/cpu.sdc Line: 56
Warning (332174): Ignored filter at cpu.sdc(56): *cpu:the_cpu|cpu_nios2_oci:the_cpu_nios2_oci|cpu_jtag_debug_module_wrapper:the_cpu_jtag_debug_module_wrapper|cpu_jtag_debug_module_sysclk:the_cpu_jtag_debug_module_sysclk|ir* could not be matched with a clock or keeper or register or port or pin or cell or partition File: C:/Users/stens/Documents/NTNU/TFE4205/Lab2/cpu.sdc Line: 56
Warning (332049): Ignored set_false_path at cpu.sdc(56): Argument <from> is not an object ID File: C:/Users/stens/Documents/NTNU/TFE4205/Lab2/cpu.sdc Line: 56
    Info (332050): set_false_path -from sld_hub:sld_hub_inst|sld_dffex*|Q* -to *$cpu_jtag_sysclk_path|ir* File: C:/Users/stens/Documents/NTNU/TFE4205/Lab2/cpu.sdc Line: 56
Warning (332049): Ignored set_false_path at cpu.sdc(56): Argument <to> is not an object ID File: C:/Users/stens/Documents/NTNU/TFE4205/Lab2/cpu.sdc Line: 56
Warning (332174): Ignored filter at cpu.sdc(57): sld_hub:sld_hub_inst|sld_jtag_state_machine:jtag_state_machine|state[1] could not be matched with a clock or keeper or register or port or pin or cell or partition File: C:/Users/stens/Documents/NTNU/TFE4205/Lab2/cpu.sdc Line: 57
Warning (332174): Ignored filter at cpu.sdc(57): *cpu:the_cpu|cpu_nios2_oci:the_cpu_nios2_oci|cpu_nios2_oci_debug:the_cpu_nios2_oci_debug|monitor_go could not be matched with a clock or keeper or register or port or pin or cell or partition File: C:/Users/stens/Documents/NTNU/TFE4205/Lab2/cpu.sdc Line: 57
Warning (332049): Ignored set_false_path at cpu.sdc(57): Argument <from> is not an object ID File: C:/Users/stens/Documents/NTNU/TFE4205/Lab2/cpu.sdc Line: 57
    Info (332050): set_false_path -from sld_hub:sld_hub_inst|sld_jtag_state_machine:jtag_state_machine|state[1] -to *$cpu_oci_debug_path|monitor_go File: C:/Users/stens/Documents/NTNU/TFE4205/Lab2/cpu.sdc Line: 57
Warning (332049): Ignored set_false_path at cpu.sdc(57): Argument <to> is not an object ID File: C:/Users/stens/Documents/NTNU/TFE4205/Lab2/cpu.sdc Line: 57
Info (332142): No user constrained base clocks found in the design. Calling "derive_clocks -period 1.0"
Info (332096): The command derive_clocks did not find any clocks to derive.  No clocks were created or changed.
Warning (332068): No clocks defined in design.
Info (332143): No user constrained clock uncertainty found in the design. Calling "derive_clock_uncertainty"
Info (332154): The derive_clock_uncertainty command did not apply clock uncertainty to any clock-to-clock transfers.
Info: Found TIMEQUEST_REPORT_SCRIPT_INCLUDE_DEFAULT_ANALYSIS = ON
Info (332159): No clocks to report
Info: Analyzing Slow 1200mV 85C Model
Info (332140): No fmax paths to report
Info (332140): No Setup paths to report
Info (332140): No Hold paths to report
Info (332140): No Recovery paths to report
Info (332140): No Removal paths to report
Info (332140): No Minimum Pulse Width paths to report
Warning (18330): Ignoring Synchronizer Identification setting Off, and using Auto instead.
Info: Analyzing Slow 1200mV 0C Model
Info (334003): Started post-fitting delay annotation
Info (334004): Delay annotation completed successfully
Info (332142): No user constrained base clocks found in the design. Calling "derive_clocks -period 1.0"
Info (332096): The command derive_clocks did not find any clocks to derive.  No clocks were created or changed.
Warning (332068): No clocks defined in design.
Info (332154): The derive_clock_uncertainty command did not apply clock uncertainty to any clock-to-clock transfers.
Info (332140): No fmax paths to report
Info (332140): No Setup paths to report
Info (332140): No Hold paths to report
Info (332140): No Recovery paths to report
Info (332140): No Removal paths to report
Info (332140): No Minimum Pulse Width paths to report
Warning (18330): Ignoring Synchronizer Identification setting Off, and using Auto instead.
Info: Analyzing Fast 1200mV 0C Model
Info (332142): No user constrained base clocks found in the design. Calling "derive_clocks -period 1.0"
Info (332096): The command derive_clocks did not find any clocks to derive.  No clocks were created or changed.
Warning (332068): No clocks defined in design.
Info (332154): The derive_clock_uncertainty command did not apply clock uncertainty to any clock-to-clock transfers.
Info (332140): No Setup paths to report
Info (332140): No Hold paths to report
Info (332140): No Recovery paths to report
Info (332140): No Removal paths to report
Info (332140): No Minimum Pulse Width paths to report
Warning (18330): Ignoring Synchronizer Identification setting Off, and using Auto instead.
Info (332102): Design is not fully constrained for setup requirements
Info (332102): Design is not fully constrained for hold requirements
Info: Quartus Prime TimeQuest Timing Analyzer was successful. 0 errors, 51 warnings
    Info: Peak virtual memory: 769 megabytes
    Info: Processing ended: Tue Jan 23 14:51:30 2018
    Info: Elapsed time: 00:00:02
    Info: Total CPU time (on all processors): 00:00:02


